============================================================
space-time sweep  sizes=perf  reps=1  timeout=600s  host=KCs-Mac-mini.local
vanilla=quick/build_m4_vanilla  o=['40', '80', '120', '200', '320']  s=['256k', '1M', '4M']  (+ default)
mmtk=quick/build_m4_mmtk  plans=['GenImmix', 'Bactrian', 'Immix']  heaps=['32', '48', '64', '96', '128', '192', '256', 'dynamic']  nurseries=['default', 'Fixed:4194304', 'Fixed:33554432']  MMTK_THREADS=1
benches=['binarytrees', 'kb', 'matrix_multiplication', 'LU_decomposition', 'chameneos_redux']  -> 440 points  json=quick/spacetime-m4.ndjson
============================================================
[1/440] binarytrees vanilla        default                            1636 ms  91.4 MiB   (elapsed 0.0 min)
[2/440] binarytrees vanilla        o=40,s=256k                        2390 ms  64.4 MiB   (elapsed 0.1 min)
[3/440] binarytrees vanilla        o=40,s=1M                          1804 ms  74.5 MiB   (elapsed 0.1 min)
[4/440] binarytrees vanilla        o=40,s=4M                          1063 ms  138.5 MiB   (elapsed 0.1 min)
[5/440] binarytrees vanilla        o=80,s=256k                        1821 ms  85.4 MiB   (elapsed 0.1 min)
[6/440] binarytrees vanilla        o=80,s=1M                          1431 ms  86.5 MiB   (elapsed 0.2 min)
[7/440] binarytrees vanilla        o=80,s=4M                          923 ms  116.5 MiB   (elapsed 0.2 min)
[8/440] binarytrees vanilla        o=120,s=256k                       1624 ms  91.4 MiB   (elapsed 0.2 min)
[9/440] binarytrees vanilla        o=120,s=1M                         1298 ms  94.5 MiB   (elapsed 0.2 min)
[10/440] binarytrees vanilla        o=120,s=4M                         993 ms  138.5 MiB   (elapsed 0.2 min)
[11/440] binarytrees vanilla        o=200,s=256k                       1483 ms  99.5 MiB   (elapsed 0.3 min)
[12/440] binarytrees vanilla        o=200,s=1M                         1211 ms  110.5 MiB   (elapsed 0.3 min)
[13/440] binarytrees vanilla        o=200,s=4M                         950 ms  138.5 MiB   (elapsed 0.3 min)
[14/440] binarytrees vanilla        o=320,s=256k                       1393 ms  112.9 MiB   (elapsed 0.3 min)
[15/440] binarytrees vanilla        o=320,s=1M                         1122 ms  130.5 MiB   (elapsed 0.4 min)
[16/440] binarytrees vanilla        o=320,s=4M                         889 ms  162.5 MiB   (elapsed 0.4 min)
[17/440] binarytrees mmtk:GenImmix  heap=32                            FAIL err exit=-11     (elapsed 0.4 min)
[18/440] binarytrees mmtk:GenImmix  heap=32,nursery=Fixed:4194304      FAIL err exit=-11     (elapsed 0.4 min)
[19/440] binarytrees mmtk:GenImmix  heap=32,nursery=Fixed:33554432     FAIL err exit=-11     (elapsed 0.4 min)
[20/440] binarytrees mmtk:GenImmix  heap=48                            FAIL err exit=-11     (elapsed 0.4 min)
[21/440] binarytrees mmtk:GenImmix  heap=48,nursery=Fixed:4194304      FAIL err exit=-11     (elapsed 0.4 min)
[22/440] binarytrees mmtk:GenImmix  heap=48,nursery=Fixed:33554432     FAIL err exit=-11     (elapsed 0.4 min)
[23/440] binarytrees mmtk:GenImmix  heap=64                            1777 ms  180.6 MiB   (elapsed 0.4 min)
[24/440] binarytrees mmtk:GenImmix  heap=64,nursery=Fixed:4194304      2210 ms  160.4 MiB   (elapsed 0.5 min)
[25/440] binarytrees mmtk:GenImmix  heap=64,nursery=Fixed:33554432     1791 ms  156.2 MiB   (elapsed 0.5 min)
[26/440] binarytrees mmtk:GenImmix  heap=96                            1415 ms  192.3 MiB   (elapsed 0.5 min)
[27/440] binarytrees mmtk:GenImmix  heap=96,nursery=Fixed:4194304      1950 ms  196.1 MiB   (elapsed 0.5 min)
[28/440] binarytrees mmtk:GenImmix  heap=96,nursery=Fixed:33554432     1260 ms  187.7 MiB   (elapsed 0.6 min)
[29/440] binarytrees mmtk:GenImmix  heap=128                           1317 ms  220.3 MiB   (elapsed 0.6 min)
[30/440] binarytrees mmtk:GenImmix  heap=128,nursery=Fixed:4194304     1915 ms  208.4 MiB   (elapsed 0.6 min)
[31/440] binarytrees mmtk:GenImmix  heap=128,nursery=Fixed:33554432    1107 ms  216.3 MiB   (elapsed 0.6 min)
[32/440] binarytrees mmtk:GenImmix  heap=192                           1279 ms  257.9 MiB   (elapsed 0.7 min)
[33/440] binarytrees mmtk:GenImmix  heap=192,nursery=Fixed:4194304     1881 ms  213.5 MiB   (elapsed 0.7 min)
[34/440] binarytrees mmtk:GenImmix  heap=192,nursery=Fixed:33554432    1043 ms  232.7 MiB   (elapsed 0.7 min)
[35/440] binarytrees mmtk:GenImmix  heap=256                           1293 ms  256.5 MiB   (elapsed 0.7 min)
[36/440] binarytrees mmtk:GenImmix  heap=256,nursery=Fixed:4194304     1915 ms  226.8 MiB   (elapsed 0.8 min)
[37/440] binarytrees mmtk:GenImmix  heap=256,nursery=Fixed:33554432    1037 ms  232.6 MiB   (elapsed 0.8 min)
[38/440] binarytrees mmtk:GenImmix  default                            1284 ms  221.3 MiB   (elapsed 0.8 min)
[39/440] binarytrees mmtk:GenImmix  heap=dyn,nursery=Fixed:4194304     1908 ms  229.7 MiB   (elapsed 0.8 min)
[40/440] binarytrees mmtk:GenImmix  heap=dyn,nursery=Fixed:33554432    1162 ms  250.2 MiB   (elapsed 0.8 min)
[41/440] binarytrees mmtk:Bactrian  heap=32                            FAIL err exit=-11     (elapsed 0.8 min)
[42/440] binarytrees mmtk:Bactrian  heap=32,nursery=Fixed:4194304      FAIL err exit=-11     (elapsed 0.9 min)
[43/440] binarytrees mmtk:Bactrian  heap=32,nursery=Fixed:33554432     FAIL err exit=-11     (elapsed 0.9 min)
[44/440] binarytrees mmtk:Bactrian  heap=48                            FAIL err exit=-11     (elapsed 0.9 min)
[45/440] binarytrees mmtk:Bactrian  heap=48,nursery=Fixed:4194304      FAIL err exit=-11     (elapsed 0.9 min)
[46/440] binarytrees mmtk:Bactrian  heap=48,nursery=Fixed:33554432     FAIL err exit=-11     (elapsed 0.9 min)
[47/440] binarytrees mmtk:Bactrian  heap=64                            1856 ms  158.7 MiB   (elapsed 0.9 min)
[48/440] binarytrees mmtk:Bactrian  heap=64,nursery=Fixed:4194304      2511 ms  164.0 MiB   (elapsed 0.9 min)
[49/440] binarytrees mmtk:Bactrian  heap=64,nursery=Fixed:33554432     FAIL err exit=-11     (elapsed 0.9 min)
[50/440] binarytrees mmtk:Bactrian  heap=96                            1550 ms  198.3 MiB   (elapsed 1.0 min)
[51/440] binarytrees mmtk:Bactrian  heap=96,nursery=Fixed:4194304      2073 ms  168.3 MiB   (elapsed 1.0 min)
[52/440] binarytrees mmtk:Bactrian  heap=96,nursery=Fixed:33554432     FAIL err exit=-11     (elapsed 1.0 min)
[53/440] binarytrees mmtk:Bactrian  heap=128                           1551 ms  222.4 MiB   (elapsed 1.0 min)
[54/440] binarytrees mmtk:Bactrian  heap=128,nursery=Fixed:4194304     2033 ms  195.0 MiB   (elapsed 1.1 min)
[55/440] binarytrees mmtk:Bactrian  heap=128,nursery=Fixed:33554432    1213 ms  200.5 MiB   (elapsed 1.1 min)
[56/440] binarytrees mmtk:Bactrian  heap=192                           1432 ms  253.0 MiB   (elapsed 1.1 min)
[57/440] binarytrees mmtk:Bactrian  heap=192,nursery=Fixed:4194304     2032 ms  203.0 MiB   (elapsed 1.1 min)
[58/440] binarytrees mmtk:Bactrian  heap=192,nursery=Fixed:33554432    1127 ms  240.6 MiB   (elapsed 1.2 min)
[59/440] binarytrees mmtk:Bactrian  heap=256                           1440 ms  238.6 MiB   (elapsed 1.2 min)
[60/440] binarytrees mmtk:Bactrian  heap=256,nursery=Fixed:4194304     2026 ms  204.9 MiB   (elapsed 1.2 min)
[61/440] binarytrees mmtk:Bactrian  heap=256,nursery=Fixed:33554432    1142 ms  240.5 MiB   (elapsed 1.2 min)
[62/440] binarytrees mmtk:Bactrian  default                            1368 ms  232.7 MiB   (elapsed 1.3 min)
[63/440] binarytrees mmtk:Bactrian  heap=dyn,nursery=Fixed:4194304     2233 ms  197.2 MiB   (elapsed 1.3 min)
[64/440] binarytrees mmtk:Bactrian  heap=dyn,nursery=Fixed:33554432    1211 ms  251.1 MiB   (elapsed 1.3 min)
[65/440] binarytrees mmtk:Immix     heap=32                            FAIL err exit=2  Fatal error: exception Out_of_memory   (elapsed 1.3 min)
[66/440] binarytrees mmtk:Immix     heap=32,nursery=Fixed:4194304      FAIL err exit=2  Fatal error: exception Out_of_memory   (elapsed 1.3 min)
[67/440] binarytrees mmtk:Immix     heap=32,nursery=Fixed:33554432     FAIL err exit=2  Fatal error: exception Out_of_memory   (elapsed 1.3 min)
[68/440] binarytrees mmtk:Immix     heap=48                            FAIL err exit=2  Fatal error: exception Out_of_memory   (elapsed 1.3 min)
[69/440] binarytrees mmtk:Immix     heap=48,nursery=Fixed:4194304      FAIL err exit=2  Fatal error: exception Out_of_memory   (elapsed 1.3 min)
[70/440] binarytrees mmtk:Immix     heap=48,nursery=Fixed:33554432     FAIL err exit=2  Fatal error: exception Out_of_memory   (elapsed 1.3 min)
[71/440] binarytrees mmtk:Immix     heap=64                            2641 ms  145.0 MiB   (elapsed 1.4 min)
[72/440] binarytrees mmtk:Immix     heap=64,nursery=Fixed:4194304      2623 ms  145.1 MiB   (elapsed 1.4 min)
[73/440] binarytrees mmtk:Immix     heap=64,nursery=Fixed:33554432     2581 ms  132.1 MiB   (elapsed 1.5 min)
[74/440] binarytrees mmtk:Immix     heap=96                            1796 ms  176.6 MiB   (elapsed 1.5 min)
[75/440] binarytrees mmtk:Immix     heap=96,nursery=Fixed:4194304      1774 ms  164.1 MiB   (elapsed 1.5 min)
[76/440] binarytrees mmtk:Immix     heap=96,nursery=Fixed:33554432     1776 ms  164.1 MiB   (elapsed 1.5 min)
[77/440] binarytrees mmtk:Immix     heap=128                           1458 ms  208.0 MiB   (elapsed 1.6 min)
[78/440] binarytrees mmtk:Immix     heap=128,nursery=Fixed:4194304     1463 ms  209.8 MiB   (elapsed 1.6 min)
[79/440] binarytrees mmtk:Immix     heap=128,nursery=Fixed:33554432    1462 ms  196.1 MiB   (elapsed 1.6 min)
[80/440] binarytrees mmtk:Immix     heap=192                           1122 ms  252.4 MiB   (elapsed 1.6 min)
[81/440] binarytrees mmtk:Immix     heap=192,nursery=Fixed:4194304     1137 ms  266.2 MiB   (elapsed 1.7 min)
[82/440] binarytrees mmtk:Immix     heap=192,nursery=Fixed:33554432    1128 ms  252.4 MiB   (elapsed 1.7 min)
[83/440] binarytrees mmtk:Immix     heap=256                           1051 ms  312.0 MiB   (elapsed 1.7 min)
[84/440] binarytrees mmtk:Immix     heap=256,nursery=Fixed:4194304     1047 ms  312.0 MiB   (elapsed 1.7 min)
[85/440] binarytrees mmtk:Immix     heap=256,nursery=Fixed:33554432    1030 ms  312.0 MiB   (elapsed 1.7 min)
[86/440] binarytrees mmtk:Immix     default                            2749 ms  193.6 MiB   (elapsed 1.8 min)
[87/440] binarytrees mmtk:Immix     heap=dyn,nursery=Fixed:4194304     2730 ms  194.0 MiB   (elapsed 1.8 min)
[88/440] binarytrees mmtk:Immix     heap=dyn,nursery=Fixed:33554432    2749 ms  192.4 MiB   (elapsed 1.9 min)
[89/440] kb vanilla        default                            454 ms  8.0 MiB   (elapsed 1.9 min)
[90/440] kb vanilla        o=40,s=256k                        611 ms  7.2 MiB   (elapsed 1.9 min)
[91/440] kb vanilla        o=40,s=1M                          429 ms  13.6 MiB   (elapsed 1.9 min)
[92/440] kb vanilla        o=40,s=4M                          379 ms  39.2 MiB   (elapsed 1.9 min)
[93/440] kb vanilla        o=80,s=256k                        438 ms  7.6 MiB   (elapsed 1.9 min)
[94/440] kb vanilla        o=80,s=1M                          416 ms  13.6 MiB   (elapsed 1.9 min)
[95/440] kb vanilla        o=80,s=4M                          379 ms  39.2 MiB   (elapsed 1.9 min)
[96/440] kb vanilla        o=120,s=256k                       420 ms  8.0 MiB   (elapsed 1.9 min)
[97/440] kb vanilla        o=120,s=1M                         414 ms  14.0 MiB   (elapsed 1.9 min)
[98/440] kb vanilla        o=120,s=4M                         379 ms  39.2 MiB   (elapsed 1.9 min)
[99/440] kb vanilla        o=200,s=256k                       411 ms  8.9 MiB   (elapsed 1.9 min)
[100/440] kb vanilla        o=200,s=1M                         405 ms  14.6 MiB   (elapsed 2.0 min)
[101/440] kb vanilla        o=200,s=4M                         377 ms  39.2 MiB   (elapsed 2.0 min)
[102/440] kb vanilla        o=320,s=256k                       408 ms  9.6 MiB   (elapsed 2.0 min)
[103/440] kb vanilla        o=320,s=1M                         401 ms  15.4 MiB   (elapsed 2.0 min)
[104/440] kb vanilla        o=320,s=4M                         382 ms  39.2 MiB   (elapsed 2.0 min)
[105/440] kb mmtk:GenImmix  heap=32                            492 ms  90.3 MiB   (elapsed 2.0 min)
[106/440] kb mmtk:GenImmix  heap=32,nursery=Fixed:4194304      523 ms  82.5 MiB   (elapsed 2.0 min)
[107/440] kb mmtk:GenImmix  heap=32,nursery=Fixed:33554432     488 ms  90.5 MiB   (elapsed 2.0 min)
[108/440] kb mmtk:GenImmix  heap=48                            470 ms  94.2 MiB   (elapsed 2.0 min)
[109/440] kb mmtk:GenImmix  heap=48,nursery=Fixed:4194304      520 ms  82.5 MiB   (elapsed 2.0 min)
[110/440] kb mmtk:GenImmix  heap=48,nursery=Fixed:33554432     476 ms  94.3 MiB   (elapsed 2.0 min)
[111/440] kb mmtk:GenImmix  heap=64                            465 ms  106.4 MiB   (elapsed 2.0 min)
[112/440] kb mmtk:GenImmix  heap=64,nursery=Fixed:4194304      536 ms  83.2 MiB   (elapsed 2.0 min)
[113/440] kb mmtk:GenImmix  heap=64,nursery=Fixed:33554432     464 ms  102.6 MiB   (elapsed 2.1 min)
[114/440] kb mmtk:GenImmix  heap=96                            476 ms  106.6 MiB   (elapsed 2.1 min)
[115/440] kb mmtk:GenImmix  heap=96,nursery=Fixed:4194304      644 ms  83.0 MiB   (elapsed 2.1 min)
[116/440] kb mmtk:GenImmix  heap=96,nursery=Fixed:33554432     457 ms  110.2 MiB   (elapsed 2.1 min)
[117/440] kb mmtk:GenImmix  heap=128                           463 ms  106.7 MiB   (elapsed 2.1 min)
[118/440] kb mmtk:GenImmix  heap=128,nursery=Fixed:4194304     519 ms  82.5 MiB   (elapsed 2.1 min)
[119/440] kb mmtk:GenImmix  heap=128,nursery=Fixed:33554432    433 ms  122.2 MiB   (elapsed 2.1 min)
[120/440] kb mmtk:GenImmix  heap=192                           462 ms  106.4 MiB   (elapsed 2.1 min)
[121/440] kb mmtk:GenImmix  heap=192,nursery=Fixed:4194304     523 ms  82.6 MiB   (elapsed 2.1 min)
[122/440] kb mmtk:GenImmix  heap=192,nursery=Fixed:33554432    429 ms  122.5 MiB   (elapsed 2.1 min)
[123/440] kb mmtk:GenImmix  heap=256                           465 ms  106.4 MiB   (elapsed 2.1 min)
[124/440] kb mmtk:GenImmix  heap=256,nursery=Fixed:4194304     524 ms  82.6 MiB   (elapsed 2.1 min)
[125/440] kb mmtk:GenImmix  heap=256,nursery=Fixed:33554432    442 ms  122.2 MiB   (elapsed 2.1 min)
[126/440] kb mmtk:GenImmix  default                            483 ms  90.7 MiB   (elapsed 2.2 min)
[127/440] kb mmtk:GenImmix  heap=dyn,nursery=Fixed:4194304     521 ms  83.2 MiB   (elapsed 2.2 min)
[128/440] kb mmtk:GenImmix  heap=dyn,nursery=Fixed:33554432    493 ms  91.0 MiB   (elapsed 2.2 min)
[129/440] kb mmtk:Bactrian  heap=32                            470 ms  86.3 MiB   (elapsed 2.2 min)
[130/440] kb mmtk:Bactrian  heap=32,nursery=Fixed:4194304      505 ms  82.4 MiB   (elapsed 2.2 min)
[131/440] kb mmtk:Bactrian  heap=32,nursery=Fixed:33554432     477 ms  86.5 MiB   (elapsed 2.2 min)
[132/440] kb mmtk:Bactrian  heap=48                            463 ms  94.5 MiB   (elapsed 2.2 min)
[133/440] kb mmtk:Bactrian  heap=48,nursery=Fixed:4194304      507 ms  82.5 MiB   (elapsed 2.2 min)
[134/440] kb mmtk:Bactrian  heap=48,nursery=Fixed:33554432     463 ms  94.5 MiB   (elapsed 2.2 min)
[135/440] kb mmtk:Bactrian  heap=64                            454 ms  102.4 MiB   (elapsed 2.2 min)
[136/440] kb mmtk:Bactrian  heap=64,nursery=Fixed:4194304      508 ms  82.6 MiB   (elapsed 2.2 min)
[137/440] kb mmtk:Bactrian  heap=64,nursery=Fixed:33554432     457 ms  102.5 MiB   (elapsed 2.2 min)
[138/440] kb mmtk:Bactrian  heap=96                            452 ms  102.5 MiB   (elapsed 2.3 min)
[139/440] kb mmtk:Bactrian  heap=96,nursery=Fixed:4194304      509 ms  82.5 MiB   (elapsed 2.3 min)
[140/440] kb mmtk:Bactrian  heap=96,nursery=Fixed:33554432     443 ms  110.1 MiB   (elapsed 2.3 min)
[141/440] kb mmtk:Bactrian  heap=128                           457 ms  102.4 MiB   (elapsed 2.3 min)
[142/440] kb mmtk:Bactrian  heap=128,nursery=Fixed:4194304     507 ms  82.4 MiB   (elapsed 2.3 min)
[143/440] kb mmtk:Bactrian  heap=128,nursery=Fixed:33554432    423 ms  122.3 MiB   (elapsed 2.3 min)
[144/440] kb mmtk:Bactrian  heap=192                           457 ms  102.5 MiB   (elapsed 2.3 min)
[145/440] kb mmtk:Bactrian  heap=192,nursery=Fixed:4194304     505 ms  82.4 MiB   (elapsed 2.3 min)
[146/440] kb mmtk:Bactrian  heap=192,nursery=Fixed:33554432    421 ms  122.5 MiB   (elapsed 2.3 min)
[147/440] kb mmtk:Bactrian  heap=256                           455 ms  102.7 MiB   (elapsed 2.3 min)
[148/440] kb mmtk:Bactrian  heap=256,nursery=Fixed:4194304     517 ms  82.6 MiB   (elapsed 2.3 min)
[149/440] kb mmtk:Bactrian  heap=256,nursery=Fixed:33554432    429 ms  122.2 MiB   (elapsed 2.3 min)
[150/440] kb mmtk:Bactrian  default                            471 ms  86.8 MiB   (elapsed 2.3 min)
[151/440] kb mmtk:Bactrian  heap=dyn,nursery=Fixed:4194304     510 ms  82.9 MiB   (elapsed 2.4 min)
[152/440] kb mmtk:Bactrian  heap=dyn,nursery=Fixed:33554432    482 ms  87.3 MiB   (elapsed 2.4 min)
[153/440] kb mmtk:Immix     heap=32                            469 ms  86.4 MiB   (elapsed 2.4 min)
[154/440] kb mmtk:Immix     heap=32,nursery=Fixed:4194304      465 ms  86.4 MiB   (elapsed 2.4 min)
[155/440] kb mmtk:Immix     heap=32,nursery=Fixed:33554432     465 ms  86.6 MiB   (elapsed 2.4 min)
[156/440] kb mmtk:Immix     heap=48                            447 ms  102.4 MiB   (elapsed 2.4 min)
[157/440] kb mmtk:Immix     heap=48,nursery=Fixed:4194304      447 ms  102.9 MiB   (elapsed 2.4 min)
[158/440] kb mmtk:Immix     heap=48,nursery=Fixed:33554432     447 ms  102.4 MiB   (elapsed 2.4 min)
[159/440] kb mmtk:Immix     heap=64                            426 ms  114.3 MiB   (elapsed 2.4 min)
[160/440] kb mmtk:Immix     heap=64,nursery=Fixed:4194304      425 ms  114.3 MiB   (elapsed 2.4 min)
[161/440] kb mmtk:Immix     heap=64,nursery=Fixed:33554432     428 ms  114.4 MiB   (elapsed 2.4 min)
[162/440] kb mmtk:Immix     heap=96                            408 ms  146.1 MiB   (elapsed 2.4 min)
[163/440] kb mmtk:Immix     heap=96,nursery=Fixed:4194304      414 ms  146.1 MiB   (elapsed 2.4 min)
[164/440] kb mmtk:Immix     heap=96,nursery=Fixed:33554432     412 ms  146.1 MiB   (elapsed 2.4 min)
[165/440] kb mmtk:Immix     heap=128                           416 ms  174.2 MiB   (elapsed 2.5 min)
[166/440] kb mmtk:Immix     heap=128,nursery=Fixed:4194304     412 ms  174.2 MiB   (elapsed 2.5 min)
[167/440] kb mmtk:Immix     heap=128,nursery=Fixed:33554432    413 ms  174.2 MiB   (elapsed 2.5 min)
[168/440] kb mmtk:Immix     heap=192                           409 ms  238.3 MiB   (elapsed 2.5 min)
[169/440] kb mmtk:Immix     heap=192,nursery=Fixed:4194304     413 ms  238.4 MiB   (elapsed 2.5 min)
[170/440] kb mmtk:Immix     heap=192,nursery=Fixed:33554432    410 ms  238.3 MiB   (elapsed 2.5 min)
[171/440] kb mmtk:Immix     heap=256                           408 ms  294.7 MiB   (elapsed 2.5 min)
[172/440] kb mmtk:Immix     heap=256,nursery=Fixed:4194304     410 ms  294.4 MiB   (elapsed 2.5 min)
[173/440] kb mmtk:Immix     heap=256,nursery=Fixed:33554432    411 ms  294.5 MiB   (elapsed 2.5 min)
[174/440] kb mmtk:Immix     default                            450 ms  102.9 MiB   (elapsed 2.5 min)
[175/440] kb mmtk:Immix     heap=dyn,nursery=Fixed:4194304     453 ms  102.9 MiB   (elapsed 2.5 min)
[176/440] kb mmtk:Immix     heap=dyn,nursery=Fixed:33554432    449 ms  103.0 MiB   (elapsed 2.5 min)
[177/440] matrix_multiplication vanilla        default                            744 ms  18.6 MiB   (elapsed 2.5 min)
[178/440] matrix_multiplication vanilla        o=40,s=256k                        748 ms  18.6 MiB   (elapsed 2.6 min)
[179/440] matrix_multiplication vanilla        o=40,s=1M                          745 ms  18.7 MiB   (elapsed 2.6 min)
[180/440] matrix_multiplication vanilla        o=40,s=4M                          743 ms  18.7 MiB   (elapsed 2.6 min)
[181/440] matrix_multiplication vanilla        o=80,s=256k                        748 ms  18.6 MiB   (elapsed 2.6 min)
[182/440] matrix_multiplication vanilla        o=80,s=1M                          745 ms  18.7 MiB   (elapsed 2.6 min)
[183/440] matrix_multiplication vanilla        o=80,s=4M                          747 ms  18.7 MiB   (elapsed 2.6 min)
[184/440] matrix_multiplication vanilla        o=120,s=256k                       746 ms  18.6 MiB   (elapsed 2.6 min)
[185/440] matrix_multiplication vanilla        o=120,s=1M                         745 ms  18.7 MiB   (elapsed 2.6 min)
[186/440] matrix_multiplication vanilla        o=120,s=4M                         743 ms  18.7 MiB   (elapsed 2.7 min)
[187/440] matrix_multiplication vanilla        o=200,s=256k                       744 ms  18.6 MiB   (elapsed 2.7 min)
[188/440] matrix_multiplication vanilla        o=200,s=1M                         745 ms  18.7 MiB   (elapsed 2.7 min)
[189/440] matrix_multiplication vanilla        o=200,s=4M                         744 ms  18.7 MiB   (elapsed 2.7 min)
[190/440] matrix_multiplication vanilla        o=320,s=256k                       744 ms  18.6 MiB   (elapsed 2.7 min)
[191/440] matrix_multiplication vanilla        o=320,s=1M                         745 ms  18.7 MiB   (elapsed 2.7 min)
[192/440] matrix_multiplication vanilla        o=320,s=4M                         743 ms  18.7 MiB   (elapsed 2.7 min)
[193/440] matrix_multiplication mmtk:GenImmix  heap=32                            653 ms  111.8 MiB   (elapsed 2.7 min)
[194/440] matrix_multiplication mmtk:GenImmix  heap=32,nursery=Fixed:4194304      672 ms  119.9 MiB   (elapsed 2.8 min)
[195/440] matrix_multiplication mmtk:GenImmix  heap=32,nursery=Fixed:33554432     651 ms  111.9 MiB   (elapsed 2.8 min)
[196/440] matrix_multiplication mmtk:GenImmix  heap=48                            631 ms  117.2 MiB   (elapsed 2.8 min)
[197/440] matrix_multiplication mmtk:GenImmix  heap=48,nursery=Fixed:4194304      674 ms  120.0 MiB   (elapsed 2.8 min)
[198/440] matrix_multiplication mmtk:GenImmix  heap=48,nursery=Fixed:33554432     634 ms  117.2 MiB   (elapsed 2.8 min)
[199/440] matrix_multiplication mmtk:GenImmix  heap=64                            663 ms  134.2 MiB   (elapsed 2.8 min)
[200/440] matrix_multiplication mmtk:GenImmix  heap=64,nursery=Fixed:4194304      672 ms  119.9 MiB   (elapsed 2.8 min)
[201/440] matrix_multiplication mmtk:GenImmix  heap=64,nursery=Fixed:33554432     659 ms  134.2 MiB   (elapsed 2.8 min)
[202/440] matrix_multiplication mmtk:GenImmix  heap=96                            662 ms  134.2 MiB   (elapsed 2.8 min)
[203/440] matrix_multiplication mmtk:GenImmix  heap=96,nursery=Fixed:4194304      671 ms  119.9 MiB   (elapsed 2.9 min)
[204/440] matrix_multiplication mmtk:GenImmix  heap=96,nursery=Fixed:33554432     592 ms  41.2 MiB   (elapsed 2.9 min)
[205/440] matrix_multiplication mmtk:GenImmix  heap=128                           665 ms  134.2 MiB   (elapsed 2.9 min)
[206/440] matrix_multiplication mmtk:GenImmix  heap=128,nursery=Fixed:4194304     673 ms  120.0 MiB   (elapsed 2.9 min)
[207/440] matrix_multiplication mmtk:GenImmix  heap=128,nursery=Fixed:33554432    592 ms  41.2 MiB   (elapsed 2.9 min)
[208/440] matrix_multiplication mmtk:GenImmix  heap=192                           661 ms  134.2 MiB   (elapsed 2.9 min)
[209/440] matrix_multiplication mmtk:GenImmix  heap=192,nursery=Fixed:4194304     673 ms  119.9 MiB   (elapsed 2.9 min)
[210/440] matrix_multiplication mmtk:GenImmix  heap=192,nursery=Fixed:33554432    587 ms  41.2 MiB   (elapsed 2.9 min)
[211/440] matrix_multiplication mmtk:GenImmix  heap=256                           662 ms  134.2 MiB   (elapsed 2.9 min)
[212/440] matrix_multiplication mmtk:GenImmix  heap=256,nursery=Fixed:4194304     669 ms  119.9 MiB   (elapsed 2.9 min)
[213/440] matrix_multiplication mmtk:GenImmix  heap=256,nursery=Fixed:33554432    587 ms  41.2 MiB   (elapsed 3.0 min)
[214/440] matrix_multiplication mmtk:GenImmix  default                            649 ms  112.2 MiB   (elapsed 3.0 min)
[215/440] matrix_multiplication mmtk:GenImmix  heap=dyn,nursery=Fixed:4194304     671 ms  120.3 MiB   (elapsed 3.0 min)
[216/440] matrix_multiplication mmtk:GenImmix  heap=dyn,nursery=Fixed:33554432    653 ms  112.2 MiB   (elapsed 3.0 min)
[217/440] matrix_multiplication mmtk:Bactrian  heap=32                            605 ms  97.9 MiB   (elapsed 3.0 min)
[218/440] matrix_multiplication mmtk:Bactrian  heap=32,nursery=Fixed:4194304      603 ms  97.9 MiB   (elapsed 3.0 min)
[219/440] matrix_multiplication mmtk:Bactrian  heap=32,nursery=Fixed:33554432     603 ms  97.9 MiB   (elapsed 3.0 min)
[220/440] matrix_multiplication mmtk:Bactrian  heap=48                            599 ms  97.9 MiB   (elapsed 3.0 min)
[221/440] matrix_multiplication mmtk:Bactrian  heap=48,nursery=Fixed:4194304      612 ms  97.9 MiB   (elapsed 3.0 min)
[222/440] matrix_multiplication mmtk:Bactrian  heap=48,nursery=Fixed:33554432     601 ms  98.0 MiB   (elapsed 3.1 min)
[223/440] matrix_multiplication mmtk:Bactrian  heap=64                            598 ms  98.0 MiB   (elapsed 3.1 min)
[224/440] matrix_multiplication mmtk:Bactrian  heap=64,nursery=Fixed:4194304      603 ms  97.9 MiB   (elapsed 3.1 min)
[225/440] matrix_multiplication mmtk:Bactrian  heap=64,nursery=Fixed:33554432     606 ms  98.0 MiB   (elapsed 3.1 min)
[226/440] matrix_multiplication mmtk:Bactrian  heap=96                            608 ms  98.0 MiB   (elapsed 3.1 min)
[227/440] matrix_multiplication mmtk:Bactrian  heap=96,nursery=Fixed:4194304      600 ms  97.9 MiB   (elapsed 3.1 min)
[228/440] matrix_multiplication mmtk:Bactrian  heap=96,nursery=Fixed:33554432     598 ms  97.5 MiB   (elapsed 3.1 min)
[229/440] matrix_multiplication mmtk:Bactrian  heap=128                           601 ms  97.9 MiB   (elapsed 3.1 min)
[230/440] matrix_multiplication mmtk:Bactrian  heap=128,nursery=Fixed:4194304     607 ms  98.0 MiB   (elapsed 3.1 min)
[231/440] matrix_multiplication mmtk:Bactrian  heap=128,nursery=Fixed:33554432    597 ms  97.4 MiB   (elapsed 3.1 min)
[232/440] matrix_multiplication mmtk:Bactrian  heap=192                           594 ms  98.0 MiB   (elapsed 3.2 min)
[233/440] matrix_multiplication mmtk:Bactrian  heap=192,nursery=Fixed:4194304     597 ms  97.9 MiB   (elapsed 3.2 min)
[234/440] matrix_multiplication mmtk:Bactrian  heap=192,nursery=Fixed:33554432    594 ms  97.4 MiB   (elapsed 3.2 min)
[235/440] matrix_multiplication mmtk:Bactrian  heap=256                           607 ms  98.0 MiB   (elapsed 3.2 min)
[236/440] matrix_multiplication mmtk:Bactrian  heap=256,nursery=Fixed:4194304     602 ms  98.0 MiB   (elapsed 3.2 min)
[237/440] matrix_multiplication mmtk:Bactrian  heap=256,nursery=Fixed:33554432    590 ms  97.4 MiB   (elapsed 3.2 min)
[238/440] matrix_multiplication mmtk:Bactrian  default                            596 ms  98.5 MiB   (elapsed 3.2 min)
[239/440] matrix_multiplication mmtk:Bactrian  heap=dyn,nursery=Fixed:4194304     629 ms  98.5 MiB   (elapsed 3.2 min)
[240/440] matrix_multiplication mmtk:Bactrian  heap=dyn,nursery=Fixed:33554432    598 ms  98.6 MiB   (elapsed 3.2 min)
[241/440] matrix_multiplication mmtk:Immix     heap=32                            593 ms  77.2 MiB   (elapsed 3.2 min)
[242/440] matrix_multiplication mmtk:Immix     heap=32,nursery=Fixed:4194304      592 ms  77.2 MiB   (elapsed 3.3 min)
[243/440] matrix_multiplication mmtk:Immix     heap=32,nursery=Fixed:33554432     596 ms  77.2 MiB   (elapsed 3.3 min)
[244/440] matrix_multiplication mmtk:Immix     heap=48                            594 ms  77.2 MiB   (elapsed 3.3 min)
[245/440] matrix_multiplication mmtk:Immix     heap=48,nursery=Fixed:4194304      594 ms  77.2 MiB   (elapsed 3.3 min)
[246/440] matrix_multiplication mmtk:Immix     heap=48,nursery=Fixed:33554432     587 ms  77.1 MiB   (elapsed 3.3 min)
[247/440] matrix_multiplication mmtk:Immix     heap=64                            590 ms  77.1 MiB   (elapsed 3.3 min)
[248/440] matrix_multiplication mmtk:Immix     heap=64,nursery=Fixed:4194304      587 ms  77.1 MiB   (elapsed 3.3 min)
[249/440] matrix_multiplication mmtk:Immix     heap=64,nursery=Fixed:33554432     595 ms  77.1 MiB   (elapsed 3.3 min)
[250/440] matrix_multiplication mmtk:Immix     heap=96                            595 ms  77.2 MiB   (elapsed 3.3 min)
[251/440] matrix_multiplication mmtk:Immix     heap=96,nursery=Fixed:4194304      586 ms  77.2 MiB   (elapsed 3.3 min)
[252/440] matrix_multiplication mmtk:Immix     heap=96,nursery=Fixed:33554432     590 ms  77.2 MiB   (elapsed 3.4 min)
[253/440] matrix_multiplication mmtk:Immix     heap=128                           592 ms  77.1 MiB   (elapsed 3.4 min)
[254/440] matrix_multiplication mmtk:Immix     heap=128,nursery=Fixed:4194304     593 ms  77.1 MiB   (elapsed 3.4 min)
[255/440] matrix_multiplication mmtk:Immix     heap=128,nursery=Fixed:33554432    590 ms  77.1 MiB   (elapsed 3.4 min)
[256/440] matrix_multiplication mmtk:Immix     heap=192                           596 ms  77.1 MiB   (elapsed 3.4 min)
[257/440] matrix_multiplication mmtk:Immix     heap=192,nursery=Fixed:4194304     596 ms  77.1 MiB   (elapsed 3.4 min)
[258/440] matrix_multiplication mmtk:Immix     heap=192,nursery=Fixed:33554432    592 ms  77.1 MiB   (elapsed 3.4 min)
[259/440] matrix_multiplication mmtk:Immix     heap=256                           590 ms  77.2 MiB   (elapsed 3.4 min)
[260/440] matrix_multiplication mmtk:Immix     heap=256,nursery=Fixed:4194304     600 ms  77.1 MiB   (elapsed 3.4 min)
[261/440] matrix_multiplication mmtk:Immix     heap=256,nursery=Fixed:33554432    600 ms  77.1 MiB   (elapsed 3.4 min)
[262/440] matrix_multiplication mmtk:Immix     default                            596 ms  77.6 MiB   (elapsed 3.5 min)
[263/440] matrix_multiplication mmtk:Immix     heap=dyn,nursery=Fixed:4194304     587 ms  77.5 MiB   (elapsed 3.5 min)
[264/440] matrix_multiplication mmtk:Immix     heap=dyn,nursery=Fixed:33554432    595 ms  77.6 MiB   (elapsed 3.5 min)
[265/440] LU_decomposition vanilla        default                            795 ms  17.0 MiB   (elapsed 3.5 min)
[266/440] LU_decomposition vanilla        o=40,s=256k                        795 ms  17.0 MiB   (elapsed 3.5 min)
[267/440] LU_decomposition vanilla        o=40,s=1M                          801 ms  23.0 MiB   (elapsed 3.5 min)
[268/440] LU_decomposition vanilla        o=40,s=4M                          818 ms  47.0 MiB   (elapsed 3.5 min)
[269/440] LU_decomposition vanilla        o=80,s=256k                        796 ms  17.0 MiB   (elapsed 3.5 min)
[270/440] LU_decomposition vanilla        o=80,s=1M                          801 ms  23.0 MiB   (elapsed 3.6 min)
[271/440] LU_decomposition vanilla        o=80,s=4M                          818 ms  47.0 MiB   (elapsed 3.6 min)
[272/440] LU_decomposition vanilla        o=120,s=256k                       797 ms  17.0 MiB   (elapsed 3.6 min)
[273/440] LU_decomposition vanilla        o=120,s=1M                         802 ms  23.0 MiB   (elapsed 3.6 min)
[274/440] LU_decomposition vanilla        o=120,s=4M                         823 ms  47.0 MiB   (elapsed 3.6 min)
[275/440] LU_decomposition vanilla        o=200,s=256k                       796 ms  17.0 MiB   (elapsed 3.6 min)
[276/440] LU_decomposition vanilla        o=200,s=1M                         805 ms  23.0 MiB   (elapsed 3.6 min)
[277/440] LU_decomposition vanilla        o=200,s=4M                         824 ms  47.0 MiB   (elapsed 3.6 min)
[278/440] LU_decomposition vanilla        o=320,s=256k                       792 ms  17.0 MiB   (elapsed 3.7 min)
[279/440] LU_decomposition vanilla        o=320,s=1M                         800 ms  23.0 MiB   (elapsed 3.7 min)
[280/440] LU_decomposition vanilla        o=320,s=4M                         824 ms  47.0 MiB   (elapsed 3.7 min)
[281/440] LU_decomposition mmtk:GenImmix  heap=32                            827 ms  90.0 MiB   (elapsed 3.7 min)
[282/440] LU_decomposition mmtk:GenImmix  heap=32,nursery=Fixed:4194304      855 ms  86.1 MiB   (elapsed 3.7 min)
[283/440] LU_decomposition mmtk:GenImmix  heap=32,nursery=Fixed:33554432     823 ms  90.0 MiB   (elapsed 3.7 min)
[284/440] LU_decomposition mmtk:GenImmix  heap=48                            815 ms  94.0 MiB   (elapsed 3.7 min)
[285/440] LU_decomposition mmtk:GenImmix  heap=48,nursery=Fixed:4194304      854 ms  86.2 MiB   (elapsed 3.8 min)
[286/440] LU_decomposition mmtk:GenImmix  heap=48,nursery=Fixed:33554432     844 ms  94.1 MiB   (elapsed 3.8 min)
[287/440] LU_decomposition mmtk:GenImmix  heap=64                            820 ms  98.0 MiB   (elapsed 3.8 min)
[288/440] LU_decomposition mmtk:GenImmix  heap=64,nursery=Fixed:4194304      856 ms  86.0 MiB   (elapsed 3.8 min)
[289/440] LU_decomposition mmtk:GenImmix  heap=64,nursery=Fixed:33554432     816 ms  98.0 MiB   (elapsed 3.8 min)
[290/440] LU_decomposition mmtk:GenImmix  heap=96                            813 ms  98.0 MiB   (elapsed 3.8 min)
[291/440] LU_decomposition mmtk:GenImmix  heap=96,nursery=Fixed:4194304      864 ms  86.1 MiB   (elapsed 3.8 min)
[292/440] LU_decomposition mmtk:GenImmix  heap=96,nursery=Fixed:33554432     817 ms  106.1 MiB   (elapsed 3.9 min)
[293/440] LU_decomposition mmtk:GenImmix  heap=128                           825 ms  98.0 MiB   (elapsed 3.9 min)
[294/440] LU_decomposition mmtk:GenImmix  heap=128,nursery=Fixed:4194304     879 ms  86.1 MiB   (elapsed 3.9 min)
[295/440] LU_decomposition mmtk:GenImmix  heap=128,nursery=Fixed:33554432    838 ms  114.1 MiB   (elapsed 3.9 min)
[296/440] LU_decomposition mmtk:GenImmix  heap=192                           848 ms  98.0 MiB   (elapsed 3.9 min)
[297/440] LU_decomposition mmtk:GenImmix  heap=192,nursery=Fixed:4194304     878 ms  86.0 MiB   (elapsed 3.9 min)
[298/440] LU_decomposition mmtk:GenImmix  heap=192,nursery=Fixed:33554432    810 ms  114.0 MiB   (elapsed 3.9 min)
[299/440] LU_decomposition mmtk:GenImmix  heap=256                           817 ms  98.0 MiB   (elapsed 4.0 min)
[300/440] LU_decomposition mmtk:GenImmix  heap=256,nursery=Fixed:4194304     862 ms  86.1 MiB   (elapsed 4.0 min)
[301/440] LU_decomposition mmtk:GenImmix  heap=256,nursery=Fixed:33554432    812 ms  114.1 MiB   (elapsed 4.0 min)
[302/440] LU_decomposition mmtk:GenImmix  default                            825 ms  90.4 MiB   (elapsed 4.0 min)
[303/440] LU_decomposition mmtk:GenImmix  heap=dyn,nursery=Fixed:4194304     855 ms  86.5 MiB   (elapsed 4.0 min)
[304/440] LU_decomposition mmtk:GenImmix  heap=dyn,nursery=Fixed:33554432    828 ms  90.5 MiB   (elapsed 4.0 min)
[305/440] LU_decomposition mmtk:Bactrian  heap=32                            823 ms  90.2 MiB   (elapsed 4.0 min)
[306/440] LU_decomposition mmtk:Bactrian  heap=32,nursery=Fixed:4194304      871 ms  86.2 MiB   (elapsed 4.0 min)
[307/440] LU_decomposition mmtk:Bactrian  heap=32,nursery=Fixed:33554432     842 ms  90.1 MiB   (elapsed 4.1 min)
[308/440] LU_decomposition mmtk:Bactrian  heap=48                            820 ms  94.1 MiB   (elapsed 4.1 min)
[309/440] LU_decomposition mmtk:Bactrian  heap=48,nursery=Fixed:4194304      863 ms  86.2 MiB   (elapsed 4.1 min)
[310/440] LU_decomposition mmtk:Bactrian  heap=48,nursery=Fixed:33554432     825 ms  94.2 MiB   (elapsed 4.1 min)
[311/440] LU_decomposition mmtk:Bactrian  heap=64                            823 ms  98.2 MiB   (elapsed 4.1 min)
[312/440] LU_decomposition mmtk:Bactrian  heap=64,nursery=Fixed:4194304      859 ms  86.2 MiB   (elapsed 4.1 min)
[313/440] LU_decomposition mmtk:Bactrian  heap=64,nursery=Fixed:33554432     818 ms  98.1 MiB   (elapsed 4.1 min)
[314/440] LU_decomposition mmtk:Bactrian  heap=96                            814 ms  98.1 MiB   (elapsed 4.2 min)
[315/440] LU_decomposition mmtk:Bactrian  heap=96,nursery=Fixed:4194304      854 ms  86.1 MiB   (elapsed 4.2 min)
[316/440] LU_decomposition mmtk:Bactrian  heap=96,nursery=Fixed:33554432     804 ms  106.1 MiB   (elapsed 4.2 min)
[317/440] LU_decomposition mmtk:Bactrian  heap=128                           811 ms  98.0 MiB   (elapsed 4.2 min)
[318/440] LU_decomposition mmtk:Bactrian  heap=128,nursery=Fixed:4194304     860 ms  86.2 MiB   (elapsed 4.2 min)
[319/440] LU_decomposition mmtk:Bactrian  heap=128,nursery=Fixed:33554432    804 ms  114.0 MiB   (elapsed 4.2 min)
[320/440] LU_decomposition mmtk:Bactrian  heap=192                           810 ms  98.2 MiB   (elapsed 4.2 min)
[321/440] LU_decomposition mmtk:Bactrian  heap=192,nursery=Fixed:4194304     863 ms  86.2 MiB   (elapsed 4.3 min)
[322/440] LU_decomposition mmtk:Bactrian  heap=192,nursery=Fixed:33554432    810 ms  114.0 MiB   (elapsed 4.3 min)
[323/440] LU_decomposition mmtk:Bactrian  heap=256                           814 ms  98.1 MiB   (elapsed 4.3 min)
[324/440] LU_decomposition mmtk:Bactrian  heap=256,nursery=Fixed:4194304     862 ms  86.2 MiB   (elapsed 4.3 min)
[325/440] LU_decomposition mmtk:Bactrian  heap=256,nursery=Fixed:33554432    814 ms  114.2 MiB   (elapsed 4.3 min)
[326/440] LU_decomposition mmtk:Bactrian  default                            827 ms  90.6 MiB   (elapsed 4.3 min)
[327/440] LU_decomposition mmtk:Bactrian  heap=dyn,nursery=Fixed:4194304     863 ms  86.7 MiB   (elapsed 4.3 min)
[328/440] LU_decomposition mmtk:Bactrian  heap=dyn,nursery=Fixed:33554432    829 ms  90.6 MiB   (elapsed 4.4 min)
[329/440] LU_decomposition mmtk:Immix     heap=32                            1045 ms  97.8 MiB   (elapsed 4.4 min)
[330/440] LU_decomposition mmtk:Immix     heap=32,nursery=Fixed:4194304      1042 ms  97.9 MiB   (elapsed 4.4 min)
[331/440] LU_decomposition mmtk:Immix     heap=32,nursery=Fixed:33554432     1047 ms  97.9 MiB   (elapsed 4.4 min)
[332/440] LU_decomposition mmtk:Immix     heap=48                            1040 ms  114.0 MiB   (elapsed 4.4 min)
[333/440] LU_decomposition mmtk:Immix     heap=48,nursery=Fixed:4194304      1033 ms  114.0 MiB   (elapsed 4.4 min)
[334/440] LU_decomposition mmtk:Immix     heap=48,nursery=Fixed:33554432     1042 ms  113.9 MiB   (elapsed 4.5 min)
[335/440] LU_decomposition mmtk:Immix     heap=64                            1041 ms  130.0 MiB   (elapsed 4.5 min)
[336/440] LU_decomposition mmtk:Immix     heap=64,nursery=Fixed:4194304      1033 ms  129.9 MiB   (elapsed 4.5 min)
[337/440] LU_decomposition mmtk:Immix     heap=64,nursery=Fixed:33554432     1036 ms  130.0 MiB   (elapsed 4.5 min)
[338/440] LU_decomposition mmtk:Immix     heap=96                            1040 ms  158.1 MiB   (elapsed 4.5 min)
[339/440] LU_decomposition mmtk:Immix     heap=96,nursery=Fixed:4194304      1032 ms  158.0 MiB   (elapsed 4.5 min)
[340/440] LU_decomposition mmtk:Immix     heap=96,nursery=Fixed:33554432     1030 ms  158.0 MiB   (elapsed 4.6 min)
[341/440] LU_decomposition mmtk:Immix     heap=128                           1037 ms  190.1 MiB   (elapsed 4.6 min)
[342/440] LU_decomposition mmtk:Immix     heap=128,nursery=Fixed:4194304     1041 ms  190.1 MiB   (elapsed 4.6 min)
[343/440] LU_decomposition mmtk:Immix     heap=128,nursery=Fixed:33554432    1039 ms  190.1 MiB   (elapsed 4.6 min)
[344/440] LU_decomposition mmtk:Immix     heap=192                           1044 ms  250.5 MiB   (elapsed 4.6 min)
[345/440] LU_decomposition mmtk:Immix     heap=192,nursery=Fixed:4194304     1043 ms  250.3 MiB   (elapsed 4.6 min)
[346/440] LU_decomposition mmtk:Immix     heap=192,nursery=Fixed:33554432    1041 ms  250.4 MiB   (elapsed 4.7 min)
[347/440] LU_decomposition mmtk:Immix     heap=256                           1051 ms  310.5 MiB   (elapsed 4.7 min)
[348/440] LU_decomposition mmtk:Immix     heap=256,nursery=Fixed:4194304     1041 ms  310.4 MiB   (elapsed 4.7 min)
[349/440] LU_decomposition mmtk:Immix     heap=256,nursery=Fixed:33554432    1048 ms  310.5 MiB   (elapsed 4.7 min)
[350/440] LU_decomposition mmtk:Immix     default                            1041 ms  98.3 MiB   (elapsed 4.7 min)
[351/440] LU_decomposition mmtk:Immix     heap=dyn,nursery=Fixed:4194304     1045 ms  98.3 MiB   (elapsed 4.8 min)
[352/440] LU_decomposition mmtk:Immix     heap=dyn,nursery=Fixed:33554432    1041 ms  98.2 MiB   (elapsed 4.8 min)
[353/440] chameneos_redux vanilla        default                            1370 ms  37.3 MiB   (elapsed 4.8 min)
[354/440] chameneos_redux vanilla        o=40,s=256k                        1376 ms  37.0 MiB   (elapsed 4.8 min)
[355/440] chameneos_redux vanilla        o=40,s=1M                          1165 ms  45.9 MiB   (elapsed 4.8 min)
[356/440] chameneos_redux vanilla        o=40,s=4M                          1404 ms  81.7 MiB   (elapsed 4.9 min)
[357/440] chameneos_redux vanilla        o=80,s=256k                        1376 ms  37.3 MiB   (elapsed 4.9 min)
[358/440] chameneos_redux vanilla        o=80,s=1M                          1149 ms  45.9 MiB   (elapsed 4.9 min)
[359/440] chameneos_redux vanilla        o=80,s=4M                          1393 ms  81.7 MiB   (elapsed 4.9 min)
[360/440] chameneos_redux vanilla        o=120,s=256k                       1389 ms  37.3 MiB   (elapsed 4.9 min)
[361/440] chameneos_redux vanilla        o=120,s=1M                         1141 ms  45.9 MiB   (elapsed 5.0 min)
[362/440] chameneos_redux vanilla        o=120,s=4M                         1367 ms  81.7 MiB   (elapsed 5.0 min)
[363/440] chameneos_redux vanilla        o=200,s=256k                       1310 ms  37.3 MiB   (elapsed 5.0 min)
[364/440] chameneos_redux vanilla        o=200,s=1M                         1152 ms  45.9 MiB   (elapsed 5.0 min)
[365/440] chameneos_redux vanilla        o=200,s=4M                         1420 ms  81.7 MiB   (elapsed 5.1 min)
[366/440] chameneos_redux vanilla        o=320,s=256k                       1282 ms  37.7 MiB   (elapsed 5.1 min)
[367/440] chameneos_redux vanilla        o=320,s=1M                         1138 ms  45.9 MiB   (elapsed 5.1 min)
[368/440] chameneos_redux vanilla        o=320,s=4M                         1377 ms  81.7 MiB   (elapsed 5.1 min)
[369/440] chameneos_redux mmtk:GenImmix  heap=32                            2831 ms  123.5 MiB   (elapsed 5.2 min)
[370/440] chameneos_redux mmtk:GenImmix  heap=32,nursery=Fixed:4194304      3081 ms  119.4 MiB   (elapsed 5.2 min)
[371/440] chameneos_redux mmtk:GenImmix  heap=32,nursery=Fixed:33554432     2835 ms  124.1 MiB   (elapsed 5.3 min)
[372/440] chameneos_redux mmtk:GenImmix  heap=48                            2830 ms  139.8 MiB   (elapsed 5.3 min)
[373/440] chameneos_redux mmtk:GenImmix  heap=48,nursery=Fixed:4194304      3118 ms  119.4 MiB   (elapsed 5.4 min)
[374/440] chameneos_redux mmtk:GenImmix  heap=48,nursery=Fixed:33554432     2793 ms  139.8 MiB   (elapsed 5.4 min)
[375/440] chameneos_redux mmtk:GenImmix  heap=64                            2742 ms  141.4 MiB   (elapsed 5.5 min)
[376/440] chameneos_redux mmtk:GenImmix  heap=64,nursery=Fixed:4194304      3088 ms  119.4 MiB   (elapsed 5.5 min)
[377/440] chameneos_redux mmtk:GenImmix  heap=64,nursery=Fixed:33554432     2743 ms  141.4 MiB   (elapsed 5.6 min)
[378/440] chameneos_redux mmtk:GenImmix  heap=96                            2776 ms  149.7 MiB   (elapsed 5.6 min)
[379/440] chameneos_redux mmtk:GenImmix  heap=96,nursery=Fixed:4194304      3098 ms  119.8 MiB   (elapsed 5.6 min)
[380/440] chameneos_redux mmtk:GenImmix  heap=96,nursery=Fixed:33554432     2711 ms  173.8 MiB   (elapsed 5.7 min)
[381/440] chameneos_redux mmtk:GenImmix  heap=128                           2759 ms  141.4 MiB   (elapsed 5.7 min)
[382/440] chameneos_redux mmtk:GenImmix  heap=128,nursery=Fixed:4194304     3087 ms  119.4 MiB   (elapsed 5.8 min)
[383/440] chameneos_redux mmtk:GenImmix  heap=128,nursery=Fixed:33554432    2751 ms  182.1 MiB   (elapsed 5.8 min)
[384/440] chameneos_redux mmtk:GenImmix  heap=192                           2789 ms  149.3 MiB   (elapsed 5.9 min)
[385/440] chameneos_redux mmtk:GenImmix  heap=192,nursery=Fixed:4194304     3283 ms  120.9 MiB   (elapsed 5.9 min)
[386/440] chameneos_redux mmtk:GenImmix  heap=192,nursery=Fixed:33554432    2825 ms  198.5 MiB   (elapsed 6.0 min)
[387/440] chameneos_redux mmtk:GenImmix  heap=256                           2933 ms  157.3 MiB   (elapsed 6.0 min)
[388/440] chameneos_redux mmtk:GenImmix  heap=256,nursery=Fixed:4194304     3106 ms  119.4 MiB   (elapsed 6.1 min)
[389/440] chameneos_redux mmtk:GenImmix  heap=256,nursery=Fixed:33554432    2754 ms  197.9 MiB   (elapsed 6.1 min)
[390/440] chameneos_redux mmtk:GenImmix  default                            2858 ms  127.3 MiB   (elapsed 6.2 min)
[391/440] chameneos_redux mmtk:GenImmix  heap=dyn,nursery=Fixed:4194304     3105 ms  118.3 MiB   (elapsed 6.2 min)
[392/440] chameneos_redux mmtk:GenImmix  heap=dyn,nursery=Fixed:33554432    2865 ms  127.5 MiB   (elapsed 6.3 min)
[393/440] chameneos_redux mmtk:Bactrian  heap=32                            3275 ms  126.8 MiB   (elapsed 6.3 min)
[394/440] chameneos_redux mmtk:Bactrian  heap=32,nursery=Fixed:4194304      3438 ms  119.5 MiB   (elapsed 6.4 min)
[395/440] chameneos_redux mmtk:Bactrian  heap=32,nursery=Fixed:33554432     3285 ms  123.5 MiB   (elapsed 6.4 min)
[396/440] chameneos_redux mmtk:Bactrian  heap=48                            3157 ms  139.9 MiB   (elapsed 6.5 min)
[397/440] chameneos_redux mmtk:Bactrian  heap=48,nursery=Fixed:4194304      3418 ms  119.5 MiB   (elapsed 6.6 min)
[398/440] chameneos_redux mmtk:Bactrian  heap=48,nursery=Fixed:33554432     3250 ms  136.7 MiB   (elapsed 6.6 min)
[399/440] chameneos_redux mmtk:Bactrian  heap=64                            3170 ms  147.6 MiB   (elapsed 6.7 min)
[400/440] chameneos_redux mmtk:Bactrian  heap=64,nursery=Fixed:4194304      3464 ms  119.5 MiB   (elapsed 6.7 min)
[401/440] chameneos_redux mmtk:Bactrian  heap=64,nursery=Fixed:33554432     3161 ms  147.6 MiB   (elapsed 6.8 min)
[402/440] chameneos_redux mmtk:Bactrian  heap=96                            3175 ms  141.4 MiB   (elapsed 6.8 min)
[403/440] chameneos_redux mmtk:Bactrian  heap=96,nursery=Fixed:4194304      3406 ms  120.1 MiB   (elapsed 6.9 min)
[404/440] chameneos_redux mmtk:Bactrian  heap=96,nursery=Fixed:33554432     3170 ms  161.9 MiB   (elapsed 6.9 min)
[405/440] chameneos_redux mmtk:Bactrian  heap=128                           3184 ms  149.4 MiB   (elapsed 7.0 min)
[406/440] chameneos_redux mmtk:Bactrian  heap=128,nursery=Fixed:4194304     3391 ms  119.5 MiB   (elapsed 7.0 min)
[407/440] chameneos_redux mmtk:Bactrian  heap=128,nursery=Fixed:33554432    3479 ms  196.6 MiB   (elapsed 7.1 min)
[408/440] chameneos_redux mmtk:Bactrian  heap=192                           3190 ms  147.6 MiB   (elapsed 7.2 min)
[409/440] chameneos_redux mmtk:Bactrian  heap=192,nursery=Fixed:4194304     3465 ms  119.5 MiB   (elapsed 7.2 min)
[410/440] chameneos_redux mmtk:Bactrian  heap=192,nursery=Fixed:33554432    3478 ms  214.8 MiB   (elapsed 7.3 min)
[411/440] chameneos_redux mmtk:Bactrian  heap=256                           3209 ms  147.6 MiB   (elapsed 7.3 min)
[412/440] chameneos_redux mmtk:Bactrian  heap=256,nursery=Fixed:4194304     3425 ms  119.6 MiB   (elapsed 7.4 min)
[413/440] chameneos_redux mmtk:Bactrian  heap=256,nursery=Fixed:33554432    3467 ms  205.8 MiB   (elapsed 7.4 min)
[414/440] chameneos_redux mmtk:Bactrian  default                            3253 ms  124.0 MiB   (elapsed 7.5 min)
[415/440] chameneos_redux mmtk:Bactrian  heap=dyn,nursery=Fixed:4194304     3402 ms  119.9 MiB   (elapsed 7.6 min)
[416/440] chameneos_redux mmtk:Bactrian  heap=dyn,nursery=Fixed:33554432    3242 ms  127.2 MiB   (elapsed 7.6 min)
[417/440] chameneos_redux mmtk:Immix     heap=32                            1057 ms  117.3 MiB   (elapsed 7.6 min)
[418/440] chameneos_redux mmtk:Immix     heap=32,nursery=Fixed:4194304      1053 ms  117.2 MiB   (elapsed 7.6 min)
[419/440] chameneos_redux mmtk:Immix     heap=32,nursery=Fixed:33554432     1072 ms  117.2 MiB   (elapsed 7.7 min)
[420/440] chameneos_redux mmtk:Immix     heap=48                            1046 ms  133.2 MiB   (elapsed 7.7 min)
[421/440] chameneos_redux mmtk:Immix     heap=48,nursery=Fixed:4194304      1051 ms  133.2 MiB   (elapsed 7.7 min)
[422/440] chameneos_redux mmtk:Immix     heap=48,nursery=Fixed:33554432     1051 ms  133.3 MiB   (elapsed 7.7 min)
[423/440] chameneos_redux mmtk:Immix     heap=64                            1034 ms  145.3 MiB   (elapsed 7.7 min)
[424/440] chameneos_redux mmtk:Immix     heap=64,nursery=Fixed:4194304      1040 ms  145.3 MiB   (elapsed 7.7 min)
[425/440] chameneos_redux mmtk:Immix     heap=64,nursery=Fixed:33554432     1040 ms  145.3 MiB   (elapsed 7.8 min)
[426/440] chameneos_redux mmtk:Immix     heap=96                            1032 ms  177.3 MiB   (elapsed 7.8 min)
[427/440] chameneos_redux mmtk:Immix     heap=96,nursery=Fixed:4194304      1053 ms  177.3 MiB   (elapsed 7.8 min)
[428/440] chameneos_redux mmtk:Immix     heap=96,nursery=Fixed:33554432     1032 ms  177.3 MiB   (elapsed 7.8 min)
[429/440] chameneos_redux mmtk:Immix     heap=128                           1038 ms  205.5 MiB   (elapsed 7.8 min)
[430/440] chameneos_redux mmtk:Immix     heap=128,nursery=Fixed:4194304     1050 ms  205.4 MiB   (elapsed 7.9 min)
[431/440] chameneos_redux mmtk:Immix     heap=128,nursery=Fixed:33554432    1047 ms  205.4 MiB   (elapsed 7.9 min)
[432/440] chameneos_redux mmtk:Immix     heap=192                           1037 ms  269.6 MiB   (elapsed 7.9 min)
[433/440] chameneos_redux mmtk:Immix     heap=192,nursery=Fixed:4194304     1040 ms  269.6 MiB   (elapsed 7.9 min)
[434/440] chameneos_redux mmtk:Immix     heap=192,nursery=Fixed:33554432    1038 ms  269.6 MiB   (elapsed 7.9 min)
[435/440] chameneos_redux mmtk:Immix     heap=256                           1029 ms  325.8 MiB   (elapsed 7.9 min)
[436/440] chameneos_redux mmtk:Immix     heap=256,nursery=Fixed:4194304     1040 ms  325.7 MiB   (elapsed 8.0 min)
[437/440] chameneos_redux mmtk:Immix     heap=256,nursery=Fixed:33554432    1030 ms  325.6 MiB   (elapsed 8.0 min)
[438/440] chameneos_redux mmtk:Immix     default                            1112 ms  117.9 MiB   (elapsed 8.0 min)
[439/440] chameneos_redux mmtk:Immix     heap=dyn,nursery=Fixed:4194304     1055 ms  117.8 MiB   (elapsed 8.0 min)
[440/440] chameneos_redux mmtk:Immix     heap=dyn,nursery=Fixed:33554432    1042 ms  117.7 MiB   (elapsed 8.0 min)
wrote quick/graphs_spacetime_m4/spacetime_binarytrees.png
wrote quick/graphs_spacetime_m4/spacetime_kb.png
wrote quick/graphs_spacetime_m4/spacetime_matrix_multiplication.png
wrote quick/graphs_spacetime_m4/spacetime_LU_decomposition.png
wrote quick/graphs_spacetime_m4/spacetime_chameneos_redux.png
wrote quick/graphs_spacetime_m4/summary.png

# Space-time sweep summary

host `KCs-Mac-mini.local`; source `spacetime-m4.ndjson`. For each MMTk variant: the point on its lower-left front whose RSS is closest to vanilla's `default` point, and its wall ratio vs that vanilla point (<1 = MMTk faster). `class` compares the two fronts as step functions over their overlapping RSS range (ties within 2%): dominates / dominated / crossing / tie.

| bench | variant | vanilla default (MiB, s) | nearest MMTk front point (MiB, s) | knobs | time ratio | MMTk default (MiB, s) | class | failed pts |
|---|---|---|---|---|---|---|---|---|
| binarytrees | mmtk:Bactrian | 91, 1.636 | 159, 1.856 | heap=64 | 1.13× | 233, 1.368 | dominated | 8 |
| binarytrees | mmtk:GenImmix | 91, 1.636 | 156, 1.791 | heap=64,nursery=Fixed:33554432 | 1.09× | 221, 1.284 | dominated | 6 |
| binarytrees | mmtk:Immix | 91, 1.636 | 132, 2.581 | heap=64,nursery=Fixed:33554432 | 1.58× | 194, 2.749 | dominated | 6 |
| kb | mmtk:Bactrian | 8, 0.454 | 82, 0.505 | heap=32,nursery=Fixed:4194304 | 1.11× | 87, 0.471 | dominated | 0 |
| kb | mmtk:GenImmix | 8, 0.454 | 82, 0.519 | heap=128,nursery=Fixed:4194304 | 1.14× | 91, 0.483 | dominated | 0 |
| kb | mmtk:Immix | 8, 0.454 | 86, 0.465 | heap=32,nursery=Fixed:4194304 | 1.02× | 103, 0.450 | dominated | 0 |
| matrix_multiplication | mmtk:Bactrian | 19, 0.744 | 97, 0.590 | heap=256,nursery=Fixed:33554432 | 0.79× | 98, 0.596 | faster only at higher RSS | 0 |
| matrix_multiplication | mmtk:GenImmix | 19, 0.744 | 41, 0.587 | heap=192,nursery=Fixed:33554432 | 0.79× | 112, 0.649 | faster only at higher RSS | 0 |
| matrix_multiplication | mmtk:Immix | 19, 0.744 | 77, 0.587 | heap=64,nursery=Fixed:4194304 | 0.79× | 78, 0.596 | faster only at higher RSS | 0 |
| LU_decomposition | mmtk:Bactrian | 17, 0.795 | 86, 0.854 | heap=96,nursery=Fixed:4194304 | 1.07× | 91, 0.827 | dominated | 0 |
| LU_decomposition | mmtk:GenImmix | 17, 0.795 | 86, 0.856 | heap=64,nursery=Fixed:4194304 | 1.08× | 90, 0.825 | dominated | 0 |
| LU_decomposition | mmtk:Immix | 17, 0.795 | 98, 1.045 | heap=32 | 1.32× | 98, 1.041 | dominated | 0 |
| chameneos_redux | mmtk:Bactrian | 37, 1.370 | 120, 3.391 | heap=128,nursery=Fixed:4194304 | 2.48× | 124, 3.253 | dominated | 0 |
| chameneos_redux | mmtk:GenImmix | 37, 1.370 | 118, 3.105 | heap=dyn,nursery=Fixed:4194304 | 2.27× | 127, 2.858 | dominated | 0 |
| chameneos_redux | mmtk:Immix | 37, 1.370 | 117, 1.053 | heap=32,nursery=Fixed:4194304 | 0.77× | 118, 1.112 | faster only at higher RSS | 0 |

## Failed points

| bench | variant | knobs | status | exit | last stderr line |
|---|---|---|---|---|---|
| binarytrees | mmtk:Bactrian | heap=32 | err | -11 |  |
| binarytrees | mmtk:Bactrian | heap=32,nursery=Fixed:33554432 | err | -11 |  |
| binarytrees | mmtk:Bactrian | heap=32,nursery=Fixed:4194304 | err | -11 |  |
| binarytrees | mmtk:Bactrian | heap=48 | err | -11 |  |
| binarytrees | mmtk:Bactrian | heap=48,nursery=Fixed:33554432 | err | -11 |  |
| binarytrees | mmtk:Bactrian | heap=48,nursery=Fixed:4194304 | err | -11 |  |
| binarytrees | mmtk:Bactrian | heap=64,nursery=Fixed:33554432 | err | -11 |  |
| binarytrees | mmtk:Bactrian | heap=96,nursery=Fixed:33554432 | err | -11 |  |
| binarytrees | mmtk:GenImmix | heap=32 | err | -11 |  |
| binarytrees | mmtk:GenImmix | heap=32,nursery=Fixed:33554432 | err | -11 |  |
| binarytrees | mmtk:GenImmix | heap=32,nursery=Fixed:4194304 | err | -11 |  |
| binarytrees | mmtk:GenImmix | heap=48 | err | -11 |  |
| binarytrees | mmtk:GenImmix | heap=48,nursery=Fixed:33554432 | err | -11 |  |
| binarytrees | mmtk:GenImmix | heap=48,nursery=Fixed:4194304 | err | -11 |  |
| binarytrees | mmtk:Immix | heap=32 | err | 2 | Fatal error: exception Out_of_memory |
| binarytrees | mmtk:Immix | heap=32,nursery=Fixed:33554432 | err | 2 | Fatal error: exception Out_of_memory |
| binarytrees | mmtk:Immix | heap=32,nursery=Fixed:4194304 | err | 2 | Fatal error: exception Out_of_memory |
| binarytrees | mmtk:Immix | heap=48 | err | 2 | Fatal error: exception Out_of_memory |
| binarytrees | mmtk:Immix | heap=48,nursery=Fixed:33554432 | err | 2 | Fatal error: exception Out_of_memory |
| binarytrees | mmtk:Immix | heap=48,nursery=Fixed:4194304 | err | 2 | Fatal error: exception Out_of_memory |

