============================================================
space-time sweep  sizes=perf  reps=1  timeout=600s  host=KCs-Mac-mini.local
vanilla=quick/build_m4_vanilla  o=['40', '80', '120', '200', '320']  s=['256k', '1M', '4M']  (+ default)
mmtk=quick/build_m4_mmtk_nz  plans=['GenImmix', 'Bactrian', 'Immix']  heaps=['32', '48', '64', '96', '128', '192', '256', 'dynamic']  nurseries=['default', 'Fixed:4194304', 'Fixed:33554432']  MMTK_THREADS=1
benches=['binarytrees', 'kb', 'matrix_multiplication', 'LU_decomposition', 'chameneos_redux']  -> 440 points  json=quick/spacetime-m4-nz.ndjson
============================================================
[1/440] binarytrees vanilla        default                            1507 ms  91.4 MiB   (elapsed 0.0 min)
[2/440] binarytrees vanilla        o=40,s=256k                        2168 ms  64.4 MiB   (elapsed 0.1 min)
[3/440] binarytrees vanilla        o=40,s=1M                          1673 ms  74.5 MiB   (elapsed 0.1 min)
[4/440] binarytrees vanilla        o=40,s=4M                          988 ms  138.5 MiB   (elapsed 0.1 min)
[5/440] binarytrees vanilla        o=80,s=256k                        1695 ms  85.4 MiB   (elapsed 0.1 min)
[6/440] binarytrees vanilla        o=80,s=1M                          1345 ms  86.5 MiB   (elapsed 0.2 min)
[7/440] binarytrees vanilla        o=80,s=4M                          849 ms  116.5 MiB   (elapsed 0.2 min)
[8/440] binarytrees vanilla        o=120,s=256k                       1525 ms  91.4 MiB   (elapsed 0.2 min)
[9/440] binarytrees vanilla        o=120,s=1M                         1208 ms  94.5 MiB   (elapsed 0.2 min)
[10/440] binarytrees vanilla        o=120,s=4M                         917 ms  138.5 MiB   (elapsed 0.2 min)
[11/440] binarytrees vanilla        o=200,s=256k                       1369 ms  99.5 MiB   (elapsed 0.3 min)
[12/440] binarytrees vanilla        o=200,s=1M                         1119 ms  110.5 MiB   (elapsed 0.3 min)
[13/440] binarytrees vanilla        o=200,s=4M                         893 ms  138.5 MiB   (elapsed 0.3 min)
[14/440] binarytrees vanilla        o=320,s=256k                       1293 ms  112.9 MiB   (elapsed 0.3 min)
[15/440] binarytrees vanilla        o=320,s=1M                         1053 ms  130.5 MiB   (elapsed 0.3 min)
[16/440] binarytrees vanilla        o=320,s=4M                         849 ms  162.5 MiB   (elapsed 0.3 min)
[17/440] binarytrees mmtk:GenImmix  heap=32                            FAIL err exit=-11     (elapsed 0.3 min)
[18/440] binarytrees mmtk:GenImmix  heap=32,nursery=Fixed:4194304      FAIL err exit=-11     (elapsed 0.3 min)
[19/440] binarytrees mmtk:GenImmix  heap=32,nursery=Fixed:33554432     FAIL err exit=-11     (elapsed 0.3 min)
[20/440] binarytrees mmtk:GenImmix  heap=48                            FAIL err exit=-11     (elapsed 0.4 min)
[21/440] binarytrees mmtk:GenImmix  heap=48,nursery=Fixed:4194304      FAIL err exit=-11     (elapsed 0.4 min)
[22/440] binarytrees mmtk:GenImmix  heap=48,nursery=Fixed:33554432     FAIL err exit=-11     (elapsed 0.4 min)
[23/440] binarytrees mmtk:GenImmix  heap=64                            1660 ms  106.7 MiB   (elapsed 0.4 min)
[24/440] binarytrees mmtk:GenImmix  heap=64,nursery=Fixed:4194304      2069 ms  102.6 MiB   (elapsed 0.4 min)
[25/440] binarytrees mmtk:GenImmix  heap=64,nursery=Fixed:33554432     1641 ms  94.5 MiB   (elapsed 0.5 min)
[26/440] binarytrees mmtk:GenImmix  heap=96                            1308 ms  136.0 MiB   (elapsed 0.5 min)
[27/440] binarytrees mmtk:GenImmix  heap=96,nursery=Fixed:4194304      1862 ms  136.2 MiB   (elapsed 0.5 min)
[28/440] binarytrees mmtk:GenImmix  heap=96,nursery=Fixed:33554432     1203 ms  142.3 MiB   (elapsed 0.5 min)
[29/440] binarytrees mmtk:GenImmix  heap=128                           1237 ms  165.5 MiB   (elapsed 0.5 min)
[30/440] binarytrees mmtk:GenImmix  heap=128,nursery=Fixed:4194304     1840 ms  155.5 MiB   (elapsed 0.6 min)
[31/440] binarytrees mmtk:GenImmix  heap=128,nursery=Fixed:33554432    1045 ms  171.0 MiB   (elapsed 0.6 min)
[32/440] binarytrees mmtk:GenImmix  heap=192                           1221 ms  203.9 MiB   (elapsed 0.6 min)
[33/440] binarytrees mmtk:GenImmix  heap=192,nursery=Fixed:4194304     1799 ms  159.1 MiB   (elapsed 0.6 min)
[34/440] binarytrees mmtk:GenImmix  heap=192,nursery=Fixed:33554432    983 ms  176.1 MiB   (elapsed 0.7 min)
[35/440] binarytrees mmtk:GenImmix  heap=256                           1212 ms  199.0 MiB   (elapsed 0.7 min)
[36/440] binarytrees mmtk:GenImmix  heap=256,nursery=Fixed:4194304     1815 ms  171.0 MiB   (elapsed 0.7 min)
[37/440] binarytrees mmtk:GenImmix  heap=256,nursery=Fixed:33554432    980 ms  176.1 MiB   (elapsed 0.7 min)
[38/440] binarytrees mmtk:GenImmix  default                            1215 ms  167.0 MiB   (elapsed 0.7 min)
[39/440] binarytrees mmtk:GenImmix  heap=dyn,nursery=Fixed:4194304     1831 ms  165.2 MiB   (elapsed 0.8 min)
[40/440] binarytrees mmtk:GenImmix  heap=dyn,nursery=Fixed:33554432    1072 ms  195.5 MiB   (elapsed 0.8 min)
[41/440] binarytrees mmtk:Bactrian  heap=32                            FAIL err exit=-11     (elapsed 0.8 min)
[42/440] binarytrees mmtk:Bactrian  heap=32,nursery=Fixed:4194304      FAIL err exit=-11     (elapsed 0.8 min)
[43/440] binarytrees mmtk:Bactrian  heap=32,nursery=Fixed:33554432     FAIL err exit=-11     (elapsed 0.8 min)
[44/440] binarytrees mmtk:Bactrian  heap=48                            FAIL err exit=-11     (elapsed 0.8 min)
[45/440] binarytrees mmtk:Bactrian  heap=48,nursery=Fixed:4194304      FAIL err exit=-11     (elapsed 0.8 min)
[46/440] binarytrees mmtk:Bactrian  heap=48,nursery=Fixed:33554432     FAIL err exit=-11     (elapsed 0.8 min)
[47/440] binarytrees mmtk:Bactrian  heap=64                            1740 ms  101.0 MiB   (elapsed 0.8 min)
[48/440] binarytrees mmtk:Bactrian  heap=64,nursery=Fixed:4194304      2374 ms  110.5 MiB   (elapsed 0.9 min)
[49/440] binarytrees mmtk:Bactrian  heap=64,nursery=Fixed:33554432     FAIL err exit=-11     (elapsed 0.9 min)
[50/440] binarytrees mmtk:Bactrian  heap=96                            1443 ms  129.8 MiB   (elapsed 0.9 min)
[51/440] binarytrees mmtk:Bactrian  heap=96,nursery=Fixed:4194304      1977 ms  111.7 MiB   (elapsed 0.9 min)
[52/440] binarytrees mmtk:Bactrian  heap=96,nursery=Fixed:33554432     FAIL err exit=-11     (elapsed 0.9 min)
[53/440] binarytrees mmtk:Bactrian  heap=128                           1445 ms  159.2 MiB   (elapsed 1.0 min)
[54/440] binarytrees mmtk:Bactrian  heap=128,nursery=Fixed:4194304     1897 ms  136.9 MiB   (elapsed 1.0 min)
[55/440] binarytrees mmtk:Bactrian  heap=128,nursery=Fixed:33554432    1126 ms  143.6 MiB   (elapsed 1.0 min)
[56/440] binarytrees mmtk:Bactrian  heap=192                           1358 ms  184.5 MiB   (elapsed 1.0 min)
[57/440] binarytrees mmtk:Bactrian  heap=192,nursery=Fixed:4194304     1907 ms  149.6 MiB   (elapsed 1.1 min)
[58/440] binarytrees mmtk:Bactrian  heap=192,nursery=Fixed:33554432    1050 ms  185.5 MiB   (elapsed 1.1 min)
[59/440] binarytrees mmtk:Bactrian  heap=256                           1357 ms  184.6 MiB   (elapsed 1.1 min)
[60/440] binarytrees mmtk:Bactrian  heap=256,nursery=Fixed:4194304     1916 ms  137.0 MiB   (elapsed 1.1 min)
[61/440] binarytrees mmtk:Bactrian  heap=256,nursery=Fixed:33554432    1047 ms  201.4 MiB   (elapsed 1.2 min)
[62/440] binarytrees mmtk:Bactrian  default                            1296 ms  178.5 MiB   (elapsed 1.2 min)
[63/440] binarytrees mmtk:Bactrian  heap=dyn,nursery=Fixed:4194304     2096 ms  125.2 MiB   (elapsed 1.2 min)
[64/440] binarytrees mmtk:Bactrian  heap=dyn,nursery=Fixed:33554432    1139 ms  196.6 MiB   (elapsed 1.2 min)
[65/440] binarytrees mmtk:Immix     heap=32                            FAIL err exit=2  Fatal error: exception Out_of_memory   (elapsed 1.2 min)
[66/440] binarytrees mmtk:Immix     heap=32,nursery=Fixed:4194304      FAIL err exit=2  Fatal error: exception Out_of_memory   (elapsed 1.2 min)
[67/440] binarytrees mmtk:Immix     heap=32,nursery=Fixed:33554432     FAIL err exit=2  Fatal error: exception Out_of_memory   (elapsed 1.2 min)
[68/440] binarytrees mmtk:Immix     heap=48                            FAIL err exit=2  Fatal error: exception Out_of_memory   (elapsed 1.2 min)
[69/440] binarytrees mmtk:Immix     heap=48,nursery=Fixed:4194304      FAIL err exit=2  Fatal error: exception Out_of_memory   (elapsed 1.2 min)
[70/440] binarytrees mmtk:Immix     heap=48,nursery=Fixed:33554432     FAIL err exit=2  Fatal error: exception Out_of_memory   (elapsed 1.2 min)
[71/440] binarytrees mmtk:Immix     heap=64                            2419 ms  102.4 MiB   (elapsed 1.3 min)
[72/440] binarytrees mmtk:Immix     heap=64,nursery=Fixed:4194304      2413 ms  90.1 MiB   (elapsed 1.3 min)
[73/440] binarytrees mmtk:Immix     heap=64,nursery=Fixed:33554432     2397 ms  102.0 MiB   (elapsed 1.4 min)
[74/440] binarytrees mmtk:Immix     heap=96                            1644 ms  123.2 MiB   (elapsed 1.4 min)
[75/440] binarytrees mmtk:Immix     heap=96,nursery=Fixed:4194304      1663 ms  123.1 MiB   (elapsed 1.4 min)
[76/440] binarytrees mmtk:Immix     heap=96,nursery=Fixed:33554432     1641 ms  135.7 MiB   (elapsed 1.4 min)
[77/440] binarytrees mmtk:Immix     heap=128                           1349 ms  153.3 MiB   (elapsed 1.5 min)
[78/440] binarytrees mmtk:Immix     heap=128,nursery=Fixed:4194304     1353 ms  153.3 MiB   (elapsed 1.5 min)
[79/440] binarytrees mmtk:Immix     heap=128,nursery=Fixed:33554432    1353 ms  153.3 MiB   (elapsed 1.5 min)
[80/440] binarytrees mmtk:Immix     heap=192                           1063 ms  210.5 MiB   (elapsed 1.5 min)
[81/440] binarytrees mmtk:Immix     heap=192,nursery=Fixed:4194304     1054 ms  226.3 MiB   (elapsed 1.5 min)
[82/440] binarytrees mmtk:Immix     heap=192,nursery=Fixed:33554432    1056 ms  210.5 MiB   (elapsed 1.6 min)
[83/440] binarytrees mmtk:Immix     heap=256                           967 ms  272.0 MiB   (elapsed 1.6 min)
[84/440] binarytrees mmtk:Immix     heap=256,nursery=Fixed:4194304     976 ms  272.0 MiB   (elapsed 1.6 min)
[85/440] binarytrees mmtk:Immix     heap=256,nursery=Fixed:33554432    979 ms  272.0 MiB   (elapsed 1.6 min)
[86/440] binarytrees mmtk:Immix     default                            2486 ms  153.1 MiB   (elapsed 1.7 min)
[87/440] binarytrees mmtk:Immix     heap=dyn,nursery=Fixed:4194304     2528 ms  139.9 MiB   (elapsed 1.7 min)
[88/440] binarytrees mmtk:Immix     heap=dyn,nursery=Fixed:33554432    2539 ms  153.0 MiB   (elapsed 1.7 min)
[89/440] kb vanilla        default                            398 ms  8.0 MiB   (elapsed 1.7 min)
[90/440] kb vanilla        o=40,s=256k                        437 ms  7.2 MiB   (elapsed 1.8 min)
[91/440] kb vanilla        o=40,s=1M                          401 ms  13.6 MiB   (elapsed 1.8 min)
[92/440] kb vanilla        o=40,s=4M                          358 ms  39.2 MiB   (elapsed 1.8 min)
[93/440] kb vanilla        o=80,s=256k                        413 ms  7.6 MiB   (elapsed 1.8 min)
[94/440] kb vanilla        o=80,s=1M                          389 ms  13.6 MiB   (elapsed 1.8 min)
[95/440] kb vanilla        o=80,s=4M                          358 ms  39.2 MiB   (elapsed 1.8 min)
[96/440] kb vanilla        o=120,s=256k                       399 ms  8.0 MiB   (elapsed 1.8 min)
[97/440] kb vanilla        o=120,s=1M                         387 ms  14.0 MiB   (elapsed 1.8 min)
[98/440] kb vanilla        o=120,s=4M                         357 ms  39.2 MiB   (elapsed 1.8 min)
[99/440] kb vanilla        o=200,s=256k                       392 ms  8.9 MiB   (elapsed 1.8 min)
[100/440] kb vanilla        o=200,s=1M                         379 ms  14.6 MiB   (elapsed 1.8 min)
[101/440] kb vanilla        o=200,s=4M                         359 ms  39.2 MiB   (elapsed 1.8 min)
[102/440] kb vanilla        o=320,s=256k                       385 ms  9.6 MiB   (elapsed 1.8 min)
[103/440] kb vanilla        o=320,s=1M                         381 ms  15.4 MiB   (elapsed 1.8 min)
[104/440] kb vanilla        o=320,s=4M                         363 ms  39.2 MiB   (elapsed 1.8 min)
[105/440] kb mmtk:GenImmix  heap=32                            456 ms  30.7 MiB   (elapsed 1.8 min)
[106/440] kb mmtk:GenImmix  heap=32,nursery=Fixed:4194304      495 ms  22.6 MiB   (elapsed 1.9 min)
[107/440] kb mmtk:GenImmix  heap=32,nursery=Fixed:33554432     459 ms  30.9 MiB   (elapsed 1.9 min)
[108/440] kb mmtk:GenImmix  heap=48                            442 ms  34.3 MiB   (elapsed 1.9 min)
[109/440] kb mmtk:GenImmix  heap=48,nursery=Fixed:4194304      489 ms  22.6 MiB   (elapsed 1.9 min)
[110/440] kb mmtk:GenImmix  heap=48,nursery=Fixed:33554432     449 ms  34.5 MiB   (elapsed 1.9 min)
[111/440] kb mmtk:GenImmix  heap=64                            438 ms  47.0 MiB   (elapsed 1.9 min)
[112/440] kb mmtk:GenImmix  heap=64,nursery=Fixed:4194304      493 ms  22.6 MiB   (elapsed 1.9 min)
[113/440] kb mmtk:GenImmix  heap=64,nursery=Fixed:33554432     439 ms  42.9 MiB   (elapsed 1.9 min)
[114/440] kb mmtk:GenImmix  heap=96                            441 ms  47.0 MiB   (elapsed 1.9 min)
[115/440] kb mmtk:GenImmix  heap=96,nursery=Fixed:4194304      488 ms  23.2 MiB   (elapsed 1.9 min)
[116/440] kb mmtk:GenImmix  heap=96,nursery=Fixed:33554432     422 ms  50.3 MiB   (elapsed 1.9 min)
[117/440] kb mmtk:GenImmix  heap=128                           436 ms  47.0 MiB   (elapsed 1.9 min)
[118/440] kb mmtk:GenImmix  heap=128,nursery=Fixed:4194304     487 ms  22.6 MiB   (elapsed 1.9 min)
[119/440] kb mmtk:GenImmix  heap=128,nursery=Fixed:33554432    408 ms  62.9 MiB   (elapsed 2.0 min)
[120/440] kb mmtk:GenImmix  heap=192                           437 ms  47.0 MiB   (elapsed 2.0 min)
[121/440] kb mmtk:GenImmix  heap=192,nursery=Fixed:4194304     495 ms  22.7 MiB   (elapsed 2.0 min)
[122/440] kb mmtk:GenImmix  heap=192,nursery=Fixed:33554432    406 ms  62.9 MiB   (elapsed 2.0 min)
[123/440] kb mmtk:GenImmix  heap=256                           433 ms  47.1 MiB   (elapsed 2.0 min)
[124/440] kb mmtk:GenImmix  heap=256,nursery=Fixed:4194304     488 ms  22.7 MiB   (elapsed 2.0 min)
[125/440] kb mmtk:GenImmix  heap=256,nursery=Fixed:33554432    405 ms  62.9 MiB   (elapsed 2.0 min)
[126/440] kb mmtk:GenImmix  default                            454 ms  31.3 MiB   (elapsed 2.0 min)
[127/440] kb mmtk:GenImmix  heap=dyn,nursery=Fixed:4194304     490 ms  23.0 MiB   (elapsed 2.0 min)
[128/440] kb mmtk:GenImmix  heap=dyn,nursery=Fixed:33554432    458 ms  31.8 MiB   (elapsed 2.0 min)
[129/440] kb mmtk:Bactrian  heap=32                            438 ms  26.5 MiB   (elapsed 2.0 min)
[130/440] kb mmtk:Bactrian  heap=32,nursery=Fixed:4194304      478 ms  22.5 MiB   (elapsed 2.0 min)
[131/440] kb mmtk:Bactrian  heap=32,nursery=Fixed:33554432     449 ms  26.7 MiB   (elapsed 2.0 min)
[132/440] kb mmtk:Bactrian  heap=48                            437 ms  34.5 MiB   (elapsed 2.1 min)
[133/440] kb mmtk:Bactrian  heap=48,nursery=Fixed:4194304      477 ms  22.4 MiB   (elapsed 2.1 min)
[134/440] kb mmtk:Bactrian  heap=48,nursery=Fixed:33554432     429 ms  34.3 MiB   (elapsed 2.1 min)
[135/440] kb mmtk:Bactrian  heap=64                            426 ms  42.8 MiB   (elapsed 2.1 min)
[136/440] kb mmtk:Bactrian  heap=64,nursery=Fixed:4194304      478 ms  22.5 MiB   (elapsed 2.1 min)
[137/440] kb mmtk:Bactrian  heap=64,nursery=Fixed:33554432     428 ms  42.9 MiB   (elapsed 2.1 min)
[138/440] kb mmtk:Bactrian  heap=96                            425 ms  42.8 MiB   (elapsed 2.1 min)
[139/440] kb mmtk:Bactrian  heap=96,nursery=Fixed:4194304      479 ms  22.4 MiB   (elapsed 2.1 min)
[140/440] kb mmtk:Bactrian  heap=96,nursery=Fixed:33554432     413 ms  50.3 MiB   (elapsed 2.1 min)
[141/440] kb mmtk:Bactrian  heap=128                           424 ms  43.2 MiB   (elapsed 2.1 min)
[142/440] kb mmtk:Bactrian  heap=128,nursery=Fixed:4194304     471 ms  22.7 MiB   (elapsed 2.1 min)
[143/440] kb mmtk:Bactrian  heap=128,nursery=Fixed:33554432    392 ms  62.9 MiB   (elapsed 2.1 min)
[144/440] kb mmtk:Bactrian  heap=192                           423 ms  42.8 MiB   (elapsed 2.1 min)
[145/440] kb mmtk:Bactrian  heap=192,nursery=Fixed:4194304     470 ms  22.5 MiB   (elapsed 2.2 min)
[146/440] kb mmtk:Bactrian  heap=192,nursery=Fixed:33554432    396 ms  62.9 MiB   (elapsed 2.2 min)
[147/440] kb mmtk:Bactrian  heap=256                           420 ms  42.9 MiB   (elapsed 2.2 min)
[148/440] kb mmtk:Bactrian  heap=256,nursery=Fixed:4194304     473 ms  22.5 MiB   (elapsed 2.2 min)
[149/440] kb mmtk:Bactrian  heap=256,nursery=Fixed:33554432    395 ms  62.9 MiB   (elapsed 2.2 min)
[150/440] kb mmtk:Bactrian  default                            438 ms  27.1 MiB   (elapsed 2.2 min)
[151/440] kb mmtk:Bactrian  heap=dyn,nursery=Fixed:4194304     473 ms  22.9 MiB   (elapsed 2.2 min)
[152/440] kb mmtk:Bactrian  heap=dyn,nursery=Fixed:33554432    442 ms  27.3 MiB   (elapsed 2.2 min)
[153/440] kb mmtk:Immix     heap=32                            433 ms  43.7 MiB   (elapsed 2.2 min)
[154/440] kb mmtk:Immix     heap=32,nursery=Fixed:4194304      431 ms  44.2 MiB   (elapsed 2.2 min)
[155/440] kb mmtk:Immix     heap=32,nursery=Fixed:33554432     437 ms  43.7 MiB   (elapsed 2.2 min)
[156/440] kb mmtk:Immix     heap=48                            420 ms  60.2 MiB   (elapsed 2.2 min)
[157/440] kb mmtk:Immix     heap=48,nursery=Fixed:4194304      420 ms  60.1 MiB   (elapsed 2.2 min)
[158/440] kb mmtk:Immix     heap=48,nursery=Fixed:33554432     421 ms  60.2 MiB   (elapsed 2.2 min)
[159/440] kb mmtk:Immix     heap=64                            398 ms  72.6 MiB   (elapsed 2.3 min)
[160/440] kb mmtk:Immix     heap=64,nursery=Fixed:4194304      402 ms  73.1 MiB   (elapsed 2.3 min)
[161/440] kb mmtk:Immix     heap=64,nursery=Fixed:33554432     398 ms  72.6 MiB   (elapsed 2.3 min)
[162/440] kb mmtk:Immix     heap=96                            382 ms  105.5 MiB   (elapsed 2.3 min)
[163/440] kb mmtk:Immix     heap=96,nursery=Fixed:4194304      384 ms  105.5 MiB   (elapsed 2.3 min)
[164/440] kb mmtk:Immix     heap=96,nursery=Fixed:33554432     383 ms  105.5 MiB   (elapsed 2.3 min)
[165/440] kb mmtk:Immix     heap=128                           385 ms  134.5 MiB   (elapsed 2.3 min)
[166/440] kb mmtk:Immix     heap=128,nursery=Fixed:4194304     387 ms  134.6 MiB   (elapsed 2.3 min)
[167/440] kb mmtk:Immix     heap=128,nursery=Fixed:33554432    385 ms  134.6 MiB   (elapsed 2.3 min)
[168/440] kb mmtk:Immix     heap=192                           381 ms  196.9 MiB   (elapsed 2.3 min)
[169/440] kb mmtk:Immix     heap=192,nursery=Fixed:4194304     376 ms  196.8 MiB   (elapsed 2.3 min)
[170/440] kb mmtk:Immix     heap=192,nursery=Fixed:33554432    378 ms  196.8 MiB   (elapsed 2.3 min)
[171/440] kb mmtk:Immix     heap=256                           376 ms  254.9 MiB   (elapsed 2.3 min)
[172/440] kb mmtk:Immix     heap=256,nursery=Fixed:4194304     379 ms  254.9 MiB   (elapsed 2.3 min)
[173/440] kb mmtk:Immix     heap=256,nursery=Fixed:33554432    377 ms  254.8 MiB   (elapsed 2.3 min)
[174/440] kb mmtk:Immix     default                            425 ms  60.8 MiB   (elapsed 2.3 min)
[175/440] kb mmtk:Immix     heap=dyn,nursery=Fixed:4194304     421 ms  60.7 MiB   (elapsed 2.4 min)
[176/440] kb mmtk:Immix     heap=dyn,nursery=Fixed:33554432    424 ms  60.7 MiB   (elapsed 2.4 min)
[177/440] matrix_multiplication vanilla        default                            760 ms  18.6 MiB   (elapsed 2.4 min)
[178/440] matrix_multiplication vanilla        o=40,s=256k                        732 ms  18.6 MiB   (elapsed 2.4 min)
[179/440] matrix_multiplication vanilla        o=40,s=1M                          733 ms  18.7 MiB   (elapsed 2.4 min)
[180/440] matrix_multiplication vanilla        o=40,s=4M                          733 ms  18.7 MiB   (elapsed 2.4 min)
[181/440] matrix_multiplication vanilla        o=80,s=256k                        733 ms  18.6 MiB   (elapsed 2.4 min)
[182/440] matrix_multiplication vanilla        o=80,s=1M                          734 ms  18.7 MiB   (elapsed 2.4 min)
[183/440] matrix_multiplication vanilla        o=80,s=4M                          735 ms  18.7 MiB   (elapsed 2.4 min)
[184/440] matrix_multiplication vanilla        o=120,s=256k                       736 ms  18.6 MiB   (elapsed 2.5 min)
[185/440] matrix_multiplication vanilla        o=120,s=1M                         736 ms  18.7 MiB   (elapsed 2.5 min)
[186/440] matrix_multiplication vanilla        o=120,s=4M                         735 ms  18.7 MiB   (elapsed 2.5 min)
[187/440] matrix_multiplication vanilla        o=200,s=256k                       733 ms  18.6 MiB   (elapsed 2.5 min)
[188/440] matrix_multiplication vanilla        o=200,s=1M                         733 ms  18.7 MiB   (elapsed 2.5 min)
[189/440] matrix_multiplication vanilla        o=200,s=4M                         733 ms  18.7 MiB   (elapsed 2.5 min)
[190/440] matrix_multiplication vanilla        o=320,s=256k                       731 ms  18.6 MiB   (elapsed 2.5 min)
[191/440] matrix_multiplication vanilla        o=320,s=1M                         734 ms  18.7 MiB   (elapsed 2.5 min)
[192/440] matrix_multiplication vanilla        o=320,s=4M                         729 ms  18.7 MiB   (elapsed 2.6 min)
[193/440] matrix_multiplication mmtk:GenImmix  heap=32                            639 ms  48.2 MiB   (elapsed 2.6 min)
[194/440] matrix_multiplication mmtk:GenImmix  heap=32,nursery=Fixed:4194304      660 ms  59.9 MiB   (elapsed 2.6 min)
[195/440] matrix_multiplication mmtk:GenImmix  heap=32,nursery=Fixed:33554432     638 ms  48.1 MiB   (elapsed 2.6 min)
[196/440] matrix_multiplication mmtk:GenImmix  heap=48                            618 ms  53.8 MiB   (elapsed 2.6 min)
[197/440] matrix_multiplication mmtk:GenImmix  heap=48,nursery=Fixed:4194304      660 ms  59.9 MiB   (elapsed 2.6 min)
[198/440] matrix_multiplication mmtk:GenImmix  heap=48,nursery=Fixed:33554432     622 ms  53.9 MiB   (elapsed 2.6 min)
[199/440] matrix_multiplication mmtk:GenImmix  heap=64                            650 ms  70.6 MiB   (elapsed 2.6 min)
[200/440] matrix_multiplication mmtk:GenImmix  heap=64,nursery=Fixed:4194304      664 ms  59.9 MiB   (elapsed 2.6 min)
[201/440] matrix_multiplication mmtk:GenImmix  heap=64,nursery=Fixed:33554432     649 ms  70.6 MiB   (elapsed 2.7 min)
[202/440] matrix_multiplication mmtk:GenImmix  heap=96                            650 ms  70.7 MiB   (elapsed 2.7 min)
[203/440] matrix_multiplication mmtk:GenImmix  heap=96,nursery=Fixed:4194304      661 ms  59.8 MiB   (elapsed 2.7 min)
[204/440] matrix_multiplication mmtk:GenImmix  heap=96,nursery=Fixed:33554432     580 ms  27.4 MiB   (elapsed 2.7 min)
[205/440] matrix_multiplication mmtk:GenImmix  heap=128                           645 ms  70.6 MiB   (elapsed 2.7 min)
[206/440] matrix_multiplication mmtk:GenImmix  heap=128,nursery=Fixed:4194304     658 ms  59.8 MiB   (elapsed 2.7 min)
[207/440] matrix_multiplication mmtk:GenImmix  heap=128,nursery=Fixed:33554432    588 ms  27.4 MiB   (elapsed 2.7 min)
[208/440] matrix_multiplication mmtk:GenImmix  heap=192                           648 ms  70.6 MiB   (elapsed 2.7 min)
[209/440] matrix_multiplication mmtk:GenImmix  heap=192,nursery=Fixed:4194304     662 ms  59.8 MiB   (elapsed 2.7 min)
[210/440] matrix_multiplication mmtk:GenImmix  heap=192,nursery=Fixed:33554432    583 ms  27.5 MiB   (elapsed 2.7 min)
[211/440] matrix_multiplication mmtk:GenImmix  heap=256                           648 ms  70.6 MiB   (elapsed 2.8 min)
[212/440] matrix_multiplication mmtk:GenImmix  heap=256,nursery=Fixed:4194304     661 ms  59.9 MiB   (elapsed 2.8 min)
[213/440] matrix_multiplication mmtk:GenImmix  heap=256,nursery=Fixed:33554432    580 ms  27.4 MiB   (elapsed 2.8 min)
[214/440] matrix_multiplication mmtk:GenImmix  default                            642 ms  48.5 MiB   (elapsed 2.8 min)
[215/440] matrix_multiplication mmtk:GenImmix  heap=dyn,nursery=Fixed:4194304     659 ms  60.2 MiB   (elapsed 2.8 min)
[216/440] matrix_multiplication mmtk:GenImmix  heap=dyn,nursery=Fixed:33554432    639 ms  48.5 MiB   (elapsed 2.8 min)
[217/440] matrix_multiplication mmtk:Bactrian  heap=32                            594 ms  32.5 MiB   (elapsed 2.8 min)
[218/440] matrix_multiplication mmtk:Bactrian  heap=32,nursery=Fixed:4194304      602 ms  32.5 MiB   (elapsed 2.8 min)
[219/440] matrix_multiplication mmtk:Bactrian  heap=32,nursery=Fixed:33554432     599 ms  32.6 MiB   (elapsed 2.8 min)
[220/440] matrix_multiplication mmtk:Bactrian  heap=48                            599 ms  32.4 MiB   (elapsed 2.9 min)
[221/440] matrix_multiplication mmtk:Bactrian  heap=48,nursery=Fixed:4194304      589 ms  32.6 MiB   (elapsed 2.9 min)
[222/440] matrix_multiplication mmtk:Bactrian  heap=48,nursery=Fixed:33554432     596 ms  32.5 MiB   (elapsed 2.9 min)
[223/440] matrix_multiplication mmtk:Bactrian  heap=64                            595 ms  32.8 MiB   (elapsed 2.9 min)
[224/440] matrix_multiplication mmtk:Bactrian  heap=64,nursery=Fixed:4194304      587 ms  32.5 MiB   (elapsed 2.9 min)
[225/440] matrix_multiplication mmtk:Bactrian  heap=64,nursery=Fixed:33554432     594 ms  32.8 MiB   (elapsed 2.9 min)
[226/440] matrix_multiplication mmtk:Bactrian  heap=96                            589 ms  32.8 MiB   (elapsed 2.9 min)
[227/440] matrix_multiplication mmtk:Bactrian  heap=96,nursery=Fixed:4194304      598 ms  32.5 MiB   (elapsed 2.9 min)
[228/440] matrix_multiplication mmtk:Bactrian  heap=96,nursery=Fixed:33554432     591 ms  30.9 MiB   (elapsed 2.9 min)
[229/440] matrix_multiplication mmtk:Bactrian  heap=128                           597 ms  32.8 MiB   (elapsed 2.9 min)
[230/440] matrix_multiplication mmtk:Bactrian  heap=128,nursery=Fixed:4194304     598 ms  32.5 MiB   (elapsed 3.0 min)
[231/440] matrix_multiplication mmtk:Bactrian  heap=128,nursery=Fixed:33554432    591 ms  30.8 MiB   (elapsed 3.0 min)
[232/440] matrix_multiplication mmtk:Bactrian  heap=192                           593 ms  32.8 MiB   (elapsed 3.0 min)
[233/440] matrix_multiplication mmtk:Bactrian  heap=192,nursery=Fixed:4194304     604 ms  32.5 MiB   (elapsed 3.0 min)
[234/440] matrix_multiplication mmtk:Bactrian  heap=192,nursery=Fixed:33554432    585 ms  30.8 MiB   (elapsed 3.0 min)
[235/440] matrix_multiplication mmtk:Bactrian  heap=256                           585 ms  32.8 MiB   (elapsed 3.0 min)
[236/440] matrix_multiplication mmtk:Bactrian  heap=256,nursery=Fixed:4194304     594 ms  32.5 MiB   (elapsed 3.0 min)
[237/440] matrix_multiplication mmtk:Bactrian  heap=256,nursery=Fixed:33554432    581 ms  30.8 MiB   (elapsed 3.0 min)
[238/440] matrix_multiplication mmtk:Bactrian  default                            598 ms  33.2 MiB   (elapsed 3.0 min)
[239/440] matrix_multiplication mmtk:Bactrian  heap=dyn,nursery=Fixed:4194304     600 ms  33.2 MiB   (elapsed 3.0 min)
[240/440] matrix_multiplication mmtk:Bactrian  heap=dyn,nursery=Fixed:33554432    603 ms  33.1 MiB   (elapsed 3.1 min)
[241/440] matrix_multiplication mmtk:Immix     heap=32                            584 ms  30.2 MiB   (elapsed 3.1 min)
[242/440] matrix_multiplication mmtk:Immix     heap=32,nursery=Fixed:4194304      585 ms  30.2 MiB   (elapsed 3.1 min)
[243/440] matrix_multiplication mmtk:Immix     heap=32,nursery=Fixed:33554432     580 ms  30.2 MiB   (elapsed 3.1 min)
[244/440] matrix_multiplication mmtk:Immix     heap=48                            582 ms  30.2 MiB   (elapsed 3.1 min)
[245/440] matrix_multiplication mmtk:Immix     heap=48,nursery=Fixed:4194304      581 ms  30.2 MiB   (elapsed 3.1 min)
[246/440] matrix_multiplication mmtk:Immix     heap=48,nursery=Fixed:33554432     587 ms  30.2 MiB   (elapsed 3.1 min)
[247/440] matrix_multiplication mmtk:Immix     heap=64                            597 ms  30.2 MiB   (elapsed 3.1 min)
[248/440] matrix_multiplication mmtk:Immix     heap=64,nursery=Fixed:4194304      589 ms  30.2 MiB   (elapsed 3.1 min)
[249/440] matrix_multiplication mmtk:Immix     heap=64,nursery=Fixed:33554432     586 ms  30.2 MiB   (elapsed 3.1 min)
[250/440] matrix_multiplication mmtk:Immix     heap=96                            587 ms  30.2 MiB   (elapsed 3.1 min)
[251/440] matrix_multiplication mmtk:Immix     heap=96,nursery=Fixed:4194304      591 ms  30.2 MiB   (elapsed 3.2 min)
[252/440] matrix_multiplication mmtk:Immix     heap=96,nursery=Fixed:33554432     580 ms  30.2 MiB   (elapsed 3.2 min)
[253/440] matrix_multiplication mmtk:Immix     heap=128                           593 ms  30.2 MiB   (elapsed 3.2 min)
[254/440] matrix_multiplication mmtk:Immix     heap=128,nursery=Fixed:4194304     582 ms  30.2 MiB   (elapsed 3.2 min)
[255/440] matrix_multiplication mmtk:Immix     heap=128,nursery=Fixed:33554432    578 ms  30.2 MiB   (elapsed 3.2 min)
[256/440] matrix_multiplication mmtk:Immix     heap=192                           579 ms  30.2 MiB   (elapsed 3.2 min)
[257/440] matrix_multiplication mmtk:Immix     heap=192,nursery=Fixed:4194304     584 ms  30.2 MiB   (elapsed 3.2 min)
[258/440] matrix_multiplication mmtk:Immix     heap=192,nursery=Fixed:33554432    603 ms  30.2 MiB   (elapsed 3.2 min)
[259/440] matrix_multiplication mmtk:Immix     heap=256                           585 ms  30.2 MiB   (elapsed 3.2 min)
[260/440] matrix_multiplication mmtk:Immix     heap=256,nursery=Fixed:4194304     593 ms  30.2 MiB   (elapsed 3.2 min)
[261/440] matrix_multiplication mmtk:Immix     heap=256,nursery=Fixed:33554432    587 ms  30.2 MiB   (elapsed 3.3 min)
[262/440] matrix_multiplication mmtk:Immix     default                            596 ms  30.7 MiB   (elapsed 3.3 min)
[263/440] matrix_multiplication mmtk:Immix     heap=dyn,nursery=Fixed:4194304     586 ms  30.7 MiB   (elapsed 3.3 min)
[264/440] matrix_multiplication mmtk:Immix     heap=dyn,nursery=Fixed:33554432    584 ms  30.7 MiB   (elapsed 3.3 min)
[265/440] LU_decomposition vanilla        default                            817 ms  17.0 MiB   (elapsed 3.3 min)
[266/440] LU_decomposition vanilla        o=40,s=256k                        793 ms  17.0 MiB   (elapsed 3.3 min)
[267/440] LU_decomposition vanilla        o=40,s=1M                          798 ms  23.0 MiB   (elapsed 3.3 min)
[268/440] LU_decomposition vanilla        o=40,s=4M                          818 ms  47.0 MiB   (elapsed 3.3 min)
[269/440] LU_decomposition vanilla        o=80,s=256k                        791 ms  17.0 MiB   (elapsed 3.4 min)
[270/440] LU_decomposition vanilla        o=80,s=1M                          799 ms  23.0 MiB   (elapsed 3.4 min)
[271/440] LU_decomposition vanilla        o=80,s=4M                          811 ms  47.0 MiB   (elapsed 3.4 min)
[272/440] LU_decomposition vanilla        o=120,s=256k                       791 ms  17.0 MiB   (elapsed 3.4 min)
[273/440] LU_decomposition vanilla        o=120,s=1M                         803 ms  23.0 MiB   (elapsed 3.4 min)
[274/440] LU_decomposition vanilla        o=120,s=4M                         818 ms  47.0 MiB   (elapsed 3.4 min)
[275/440] LU_decomposition vanilla        o=200,s=256k                       794 ms  17.0 MiB   (elapsed 3.4 min)
[276/440] LU_decomposition vanilla        o=200,s=1M                         802 ms  23.0 MiB   (elapsed 3.4 min)
[277/440] LU_decomposition vanilla        o=200,s=4M                         813 ms  47.0 MiB   (elapsed 3.5 min)
[278/440] LU_decomposition vanilla        o=320,s=256k                       798 ms  17.0 MiB   (elapsed 3.5 min)
[279/440] LU_decomposition vanilla        o=320,s=1M                         806 ms  23.0 MiB   (elapsed 3.5 min)
[280/440] LU_decomposition vanilla        o=320,s=4M                         823 ms  47.0 MiB   (elapsed 3.5 min)
[281/440] LU_decomposition mmtk:GenImmix  heap=32                            817 ms  30.3 MiB   (elapsed 3.5 min)
[282/440] LU_decomposition mmtk:GenImmix  heap=32,nursery=Fixed:4194304      844 ms  26.2 MiB   (elapsed 3.5 min)
[283/440] LU_decomposition mmtk:GenImmix  heap=32,nursery=Fixed:33554432     829 ms  30.4 MiB   (elapsed 3.5 min)
[284/440] LU_decomposition mmtk:GenImmix  heap=48                            805 ms  33.9 MiB   (elapsed 3.6 min)
[285/440] LU_decomposition mmtk:GenImmix  heap=48,nursery=Fixed:4194304      844 ms  26.3 MiB   (elapsed 3.6 min)
[286/440] LU_decomposition mmtk:GenImmix  heap=48,nursery=Fixed:33554432     804 ms  34.0 MiB   (elapsed 3.6 min)
[287/440] LU_decomposition mmtk:GenImmix  heap=64                            818 ms  38.1 MiB   (elapsed 3.6 min)
[288/440] LU_decomposition mmtk:GenImmix  heap=64,nursery=Fixed:4194304      843 ms  26.2 MiB   (elapsed 3.6 min)
[289/440] LU_decomposition mmtk:GenImmix  heap=64,nursery=Fixed:33554432     801 ms  38.1 MiB   (elapsed 3.6 min)
[290/440] LU_decomposition mmtk:GenImmix  heap=96                            817 ms  38.1 MiB   (elapsed 3.6 min)
[291/440] LU_decomposition mmtk:GenImmix  heap=96,nursery=Fixed:4194304      847 ms  26.2 MiB   (elapsed 3.7 min)
[292/440] LU_decomposition mmtk:GenImmix  heap=96,nursery=Fixed:33554432     792 ms  45.8 MiB   (elapsed 3.7 min)
[293/440] LU_decomposition mmtk:GenImmix  heap=128                           802 ms  38.2 MiB   (elapsed 3.7 min)
[294/440] LU_decomposition mmtk:GenImmix  heap=128,nursery=Fixed:4194304     844 ms  26.2 MiB   (elapsed 3.7 min)
[295/440] LU_decomposition mmtk:GenImmix  heap=128,nursery=Fixed:33554432    796 ms  54.1 MiB   (elapsed 3.7 min)
[296/440] LU_decomposition mmtk:GenImmix  heap=192                           801 ms  38.1 MiB   (elapsed 3.7 min)
[297/440] LU_decomposition mmtk:GenImmix  heap=192,nursery=Fixed:4194304     861 ms  26.2 MiB   (elapsed 3.7 min)
[298/440] LU_decomposition mmtk:GenImmix  heap=192,nursery=Fixed:33554432    798 ms  54.1 MiB   (elapsed 3.7 min)
[299/440] LU_decomposition mmtk:GenImmix  heap=256                           804 ms  38.2 MiB   (elapsed 3.8 min)
[300/440] LU_decomposition mmtk:GenImmix  heap=256,nursery=Fixed:4194304     860 ms  26.3 MiB   (elapsed 3.8 min)
[301/440] LU_decomposition mmtk:GenImmix  heap=256,nursery=Fixed:33554432    794 ms  54.1 MiB   (elapsed 3.8 min)
[302/440] LU_decomposition mmtk:GenImmix  default                            813 ms  30.8 MiB   (elapsed 3.8 min)
[303/440] LU_decomposition mmtk:GenImmix  heap=dyn,nursery=Fixed:4194304     833 ms  26.7 MiB   (elapsed 3.8 min)
[304/440] LU_decomposition mmtk:GenImmix  heap=dyn,nursery=Fixed:33554432    811 ms  30.7 MiB   (elapsed 3.8 min)
[305/440] LU_decomposition mmtk:Bactrian  heap=32                            810 ms  30.4 MiB   (elapsed 3.8 min)
[306/440] LU_decomposition mmtk:Bactrian  heap=32,nursery=Fixed:4194304      849 ms  26.3 MiB   (elapsed 3.9 min)
[307/440] LU_decomposition mmtk:Bactrian  heap=32,nursery=Fixed:33554432     812 ms  30.4 MiB   (elapsed 3.9 min)
[308/440] LU_decomposition mmtk:Bactrian  heap=48                            823 ms  34.1 MiB   (elapsed 3.9 min)
[309/440] LU_decomposition mmtk:Bactrian  heap=48,nursery=Fixed:4194304      861 ms  26.3 MiB   (elapsed 3.9 min)
[310/440] LU_decomposition mmtk:Bactrian  heap=48,nursery=Fixed:33554432     804 ms  34.0 MiB   (elapsed 3.9 min)
[311/440] LU_decomposition mmtk:Bactrian  heap=64                            796 ms  38.2 MiB   (elapsed 3.9 min)
[312/440] LU_decomposition mmtk:Bactrian  heap=64,nursery=Fixed:4194304      845 ms  26.3 MiB   (elapsed 3.9 min)
[313/440] LU_decomposition mmtk:Bactrian  heap=64,nursery=Fixed:33554432     824 ms  38.1 MiB   (elapsed 4.0 min)
[314/440] LU_decomposition mmtk:Bactrian  heap=96                            814 ms  38.1 MiB   (elapsed 4.0 min)
[315/440] LU_decomposition mmtk:Bactrian  heap=96,nursery=Fixed:4194304      848 ms  26.3 MiB   (elapsed 4.0 min)
[316/440] LU_decomposition mmtk:Bactrian  heap=96,nursery=Fixed:33554432     795 ms  46.0 MiB   (elapsed 4.0 min)
[317/440] LU_decomposition mmtk:Bactrian  heap=128                           799 ms  38.1 MiB   (elapsed 4.0 min)
[318/440] LU_decomposition mmtk:Bactrian  heap=128,nursery=Fixed:4194304     844 ms  26.3 MiB   (elapsed 4.0 min)
[319/440] LU_decomposition mmtk:Bactrian  heap=128,nursery=Fixed:33554432    795 ms  54.2 MiB   (elapsed 4.0 min)
[320/440] LU_decomposition mmtk:Bactrian  heap=192                           801 ms  38.1 MiB   (elapsed 4.0 min)
[321/440] LU_decomposition mmtk:Bactrian  heap=192,nursery=Fixed:4194304     847 ms  26.3 MiB   (elapsed 4.1 min)
[322/440] LU_decomposition mmtk:Bactrian  heap=192,nursery=Fixed:33554432    796 ms  54.1 MiB   (elapsed 4.1 min)
[323/440] LU_decomposition mmtk:Bactrian  heap=256                           799 ms  38.1 MiB   (elapsed 4.1 min)
[324/440] LU_decomposition mmtk:Bactrian  heap=256,nursery=Fixed:4194304     846 ms  26.4 MiB   (elapsed 4.1 min)
[325/440] LU_decomposition mmtk:Bactrian  heap=256,nursery=Fixed:33554432    796 ms  54.1 MiB   (elapsed 4.1 min)
[326/440] LU_decomposition mmtk:Bactrian  default                            813 ms  30.9 MiB   (elapsed 4.1 min)
[327/440] LU_decomposition mmtk:Bactrian  heap=dyn,nursery=Fixed:4194304     864 ms  26.9 MiB   (elapsed 4.1 min)
[328/440] LU_decomposition mmtk:Bactrian  heap=dyn,nursery=Fixed:33554432    834 ms  30.8 MiB   (elapsed 4.2 min)
[329/440] LU_decomposition mmtk:Immix     heap=32                            1025 ms  47.2 MiB   (elapsed 4.2 min)
[330/440] LU_decomposition mmtk:Immix     heap=32,nursery=Fixed:4194304      1026 ms  47.2 MiB   (elapsed 4.2 min)
[331/440] LU_decomposition mmtk:Immix     heap=32,nursery=Fixed:33554432     1247 ms  47.3 MiB   (elapsed 4.2 min)
[332/440] LU_decomposition mmtk:Immix     heap=48                            1028 ms  63.9 MiB   (elapsed 4.2 min)
[333/440] LU_decomposition mmtk:Immix     heap=48,nursery=Fixed:4194304      1040 ms  63.9 MiB   (elapsed 4.2 min)
[334/440] LU_decomposition mmtk:Immix     heap=48,nursery=Fixed:33554432     1023 ms  63.8 MiB   (elapsed 4.3 min)
[335/440] LU_decomposition mmtk:Immix     heap=64                            1028 ms  80.4 MiB   (elapsed 4.3 min)
[336/440] LU_decomposition mmtk:Immix     heap=64,nursery=Fixed:4194304      1025 ms  80.4 MiB   (elapsed 4.3 min)
[337/440] LU_decomposition mmtk:Immix     heap=64,nursery=Fixed:33554432     1030 ms  80.5 MiB   (elapsed 4.3 min)
[338/440] LU_decomposition mmtk:Immix     heap=96                            1027 ms  109.5 MiB   (elapsed 4.3 min)
[339/440] LU_decomposition mmtk:Immix     heap=96,nursery=Fixed:4194304      1031 ms  109.5 MiB   (elapsed 4.3 min)
[340/440] LU_decomposition mmtk:Immix     heap=96,nursery=Fixed:33554432     1024 ms  109.5 MiB   (elapsed 4.4 min)
[341/440] LU_decomposition mmtk:Immix     heap=128                           1041 ms  142.6 MiB   (elapsed 4.4 min)
[342/440] LU_decomposition mmtk:Immix     heap=128,nursery=Fixed:4194304     1026 ms  142.7 MiB   (elapsed 4.4 min)
[343/440] LU_decomposition mmtk:Immix     heap=128,nursery=Fixed:33554432    1041 ms  142.7 MiB   (elapsed 4.4 min)
[344/440] LU_decomposition mmtk:Immix     heap=192                           1025 ms  200.8 MiB   (elapsed 4.4 min)
[345/440] LU_decomposition mmtk:Immix     heap=192,nursery=Fixed:4194304     1026 ms  200.9 MiB   (elapsed 4.5 min)
[346/440] LU_decomposition mmtk:Immix     heap=192,nursery=Fixed:33554432    1039 ms  200.8 MiB   (elapsed 4.5 min)
[347/440] LU_decomposition mmtk:Immix     heap=256                           1028 ms  263.1 MiB   (elapsed 4.5 min)
[348/440] LU_decomposition mmtk:Immix     heap=256,nursery=Fixed:4194304     1185 ms  263.1 MiB   (elapsed 4.5 min)
[349/440] LU_decomposition mmtk:Immix     heap=256,nursery=Fixed:33554432    1028 ms  263.1 MiB   (elapsed 4.5 min)
[350/440] LU_decomposition mmtk:Immix     default                            1030 ms  47.6 MiB   (elapsed 4.5 min)
[351/440] LU_decomposition mmtk:Immix     heap=dyn,nursery=Fixed:4194304     1205 ms  47.6 MiB   (elapsed 4.6 min)
[352/440] LU_decomposition mmtk:Immix     heap=dyn,nursery=Fixed:33554432    1043 ms  47.6 MiB   (elapsed 4.6 min)
[353/440] chameneos_redux vanilla        default                            1328 ms  37.3 MiB   (elapsed 4.6 min)
[354/440] chameneos_redux vanilla        o=40,s=256k                        1332 ms  37.0 MiB   (elapsed 4.6 min)
[355/440] chameneos_redux vanilla        o=40,s=1M                          1103 ms  45.9 MiB   (elapsed 4.6 min)
[356/440] chameneos_redux vanilla        o=40,s=4M                          1282 ms  81.7 MiB   (elapsed 4.7 min)
[357/440] chameneos_redux vanilla        o=80,s=256k                        1331 ms  37.3 MiB   (elapsed 4.7 min)
[358/440] chameneos_redux vanilla        o=80,s=1M                          1100 ms  45.9 MiB   (elapsed 4.7 min)
[359/440] chameneos_redux vanilla        o=80,s=4M                          1250 ms  81.7 MiB   (elapsed 4.7 min)
[360/440] chameneos_redux vanilla        o=120,s=256k                       1327 ms  37.3 MiB   (elapsed 4.7 min)
[361/440] chameneos_redux vanilla        o=120,s=1M                         1096 ms  45.9 MiB   (elapsed 4.8 min)
[362/440] chameneos_redux vanilla        o=120,s=4M                         1254 ms  81.7 MiB   (elapsed 4.8 min)
[363/440] chameneos_redux vanilla        o=200,s=256k                       1272 ms  37.3 MiB   (elapsed 4.8 min)
[364/440] chameneos_redux vanilla        o=200,s=1M                         1099 ms  45.9 MiB   (elapsed 4.8 min)
[365/440] chameneos_redux vanilla        o=200,s=4M                         1281 ms  81.7 MiB   (elapsed 4.8 min)
[366/440] chameneos_redux vanilla        o=320,s=256k                       1220 ms  37.7 MiB   (elapsed 4.9 min)
[367/440] chameneos_redux vanilla        o=320,s=1M                         1090 ms  45.9 MiB   (elapsed 4.9 min)
[368/440] chameneos_redux vanilla        o=320,s=4M                         1266 ms  81.7 MiB   (elapsed 4.9 min)
[369/440] chameneos_redux mmtk:GenImmix  heap=32                            2761 ms  63.8 MiB   (elapsed 5.0 min)
[370/440] chameneos_redux mmtk:GenImmix  heap=32,nursery=Fixed:4194304      3023 ms  59.6 MiB   (elapsed 5.0 min)
[371/440] chameneos_redux mmtk:GenImmix  heap=32,nursery=Fixed:33554432     2803 ms  63.8 MiB   (elapsed 5.0 min)
[372/440] chameneos_redux mmtk:GenImmix  heap=48                            2698 ms  80.0 MiB   (elapsed 5.1 min)
[373/440] chameneos_redux mmtk:GenImmix  heap=48,nursery=Fixed:4194304      2993 ms  58.0 MiB   (elapsed 5.1 min)
[374/440] chameneos_redux mmtk:GenImmix  heap=48,nursery=Fixed:33554432     2697 ms  79.9 MiB   (elapsed 5.2 min)
[375/440] chameneos_redux mmtk:GenImmix  heap=64                            2688 ms  82.0 MiB   (elapsed 5.2 min)
[376/440] chameneos_redux mmtk:GenImmix  heap=64,nursery=Fixed:4194304      3007 ms  60.0 MiB   (elapsed 5.3 min)
[377/440] chameneos_redux mmtk:GenImmix  heap=64,nursery=Fixed:33554432     2678 ms  81.9 MiB   (elapsed 5.3 min)
[378/440] chameneos_redux mmtk:GenImmix  heap=96                            2671 ms  89.8 MiB   (elapsed 5.4 min)
[379/440] chameneos_redux mmtk:GenImmix  heap=96,nursery=Fixed:4194304      3022 ms  58.0 MiB   (elapsed 5.4 min)
[380/440] chameneos_redux mmtk:GenImmix  heap=96,nursery=Fixed:33554432     2665 ms  102.5 MiB   (elapsed 5.5 min)
[381/440] chameneos_redux mmtk:GenImmix  heap=128                           2651 ms  89.9 MiB   (elapsed 5.5 min)
[382/440] chameneos_redux mmtk:GenImmix  heap=128,nursery=Fixed:4194304     3003 ms  58.0 MiB   (elapsed 5.6 min)
[383/440] chameneos_redux mmtk:GenImmix  heap=128,nursery=Fixed:33554432    2635 ms  139.2 MiB   (elapsed 5.6 min)
[384/440] chameneos_redux mmtk:GenImmix  heap=192                           2689 ms  81.8 MiB   (elapsed 5.7 min)
[385/440] chameneos_redux mmtk:GenImmix  heap=192,nursery=Fixed:4194304     3012 ms  59.6 MiB   (elapsed 5.7 min)
[386/440] chameneos_redux mmtk:GenImmix  heap=192,nursery=Fixed:33554432    2648 ms  131.8 MiB   (elapsed 5.7 min)
[387/440] chameneos_redux mmtk:GenImmix  heap=256                           2678 ms  90.3 MiB   (elapsed 5.8 min)
[388/440] chameneos_redux mmtk:GenImmix  heap=256,nursery=Fixed:4194304     3029 ms  59.6 MiB   (elapsed 5.8 min)
[389/440] chameneos_redux mmtk:GenImmix  heap=256,nursery=Fixed:33554432    2714 ms  139.2 MiB   (elapsed 5.9 min)
[390/440] chameneos_redux mmtk:GenImmix  default                            2775 ms  65.4 MiB   (elapsed 5.9 min)
[391/440] chameneos_redux mmtk:GenImmix  heap=dyn,nursery=Fixed:4194304     3040 ms  60.1 MiB   (elapsed 6.0 min)
[392/440] chameneos_redux mmtk:GenImmix  heap=dyn,nursery=Fixed:33554432    2767 ms  64.2 MiB   (elapsed 6.0 min)
[393/440] chameneos_redux mmtk:Bactrian  heap=32                            3279 ms  66.9 MiB   (elapsed 6.1 min)
[394/440] chameneos_redux mmtk:Bactrian  heap=32,nursery=Fixed:4194304      3347 ms  54.2 MiB   (elapsed 6.1 min)
[395/440] chameneos_redux mmtk:Bactrian  heap=32,nursery=Fixed:33554432     3178 ms  67.0 MiB   (elapsed 6.2 min)
[396/440] chameneos_redux mmtk:Bactrian  heap=48                            3188 ms  73.3 MiB   (elapsed 6.2 min)
[397/440] chameneos_redux mmtk:Bactrian  heap=48,nursery=Fixed:4194304      3358 ms  55.8 MiB   (elapsed 6.3 min)
[398/440] chameneos_redux mmtk:Bactrian  heap=48,nursery=Fixed:33554432     3157 ms  72.1 MiB   (elapsed 6.4 min)
[399/440] chameneos_redux mmtk:Bactrian  heap=64                            3145 ms  88.1 MiB   (elapsed 6.4 min)
[400/440] chameneos_redux mmtk:Bactrian  heap=64,nursery=Fixed:4194304      3379 ms  55.6 MiB   (elapsed 6.5 min)
[401/440] chameneos_redux mmtk:Bactrian  heap=64,nursery=Fixed:33554432     3094 ms  81.9 MiB   (elapsed 6.5 min)
[402/440] chameneos_redux mmtk:Bactrian  heap=96                            3170 ms  88.1 MiB   (elapsed 6.6 min)
[403/440] chameneos_redux mmtk:Bactrian  heap=96,nursery=Fixed:4194304      3418 ms  55.7 MiB   (elapsed 6.6 min)
[404/440] chameneos_redux mmtk:Bactrian  heap=96,nursery=Fixed:33554432     3109 ms  114.5 MiB   (elapsed 6.7 min)
[405/440] chameneos_redux mmtk:Bactrian  heap=128                           3104 ms  81.9 MiB   (elapsed 6.7 min)
[406/440] chameneos_redux mmtk:Bactrian  heap=128,nursery=Fixed:4194304     3408 ms  55.8 MiB   (elapsed 6.8 min)
[407/440] chameneos_redux mmtk:Bactrian  heap=128,nursery=Fixed:33554432    3372 ms  132.5 MiB   (elapsed 6.8 min)
[408/440] chameneos_redux mmtk:Bactrian  heap=192                           3125 ms  88.1 MiB   (elapsed 6.9 min)
[409/440] chameneos_redux mmtk:Bactrian  heap=192,nursery=Fixed:4194304     3366 ms  55.7 MiB   (elapsed 6.9 min)
[410/440] chameneos_redux mmtk:Bactrian  heap=192,nursery=Fixed:33554432    3420 ms  132.5 MiB   (elapsed 7.0 min)
[411/440] chameneos_redux mmtk:Bactrian  heap=256                           3141 ms  88.1 MiB   (elapsed 7.1 min)
[412/440] chameneos_redux mmtk:Bactrian  heap=256,nursery=Fixed:4194304     3330 ms  54.1 MiB   (elapsed 7.1 min)
[413/440] chameneos_redux mmtk:Bactrian  heap=256,nursery=Fixed:33554432    3352 ms  148.5 MiB   (elapsed 7.2 min)
[414/440] chameneos_redux mmtk:Bactrian  default                            3278 ms  64.5 MiB   (elapsed 7.2 min)
[415/440] chameneos_redux mmtk:Bactrian  heap=dyn,nursery=Fixed:4194304     3378 ms  57.7 MiB   (elapsed 7.3 min)
[416/440] chameneos_redux mmtk:Bactrian  heap=dyn,nursery=Fixed:33554432    3260 ms  67.5 MiB   (elapsed 7.3 min)
[417/440] chameneos_redux mmtk:Immix     heap=32                            1011 ms  74.3 MiB   (elapsed 7.4 min)
[418/440] chameneos_redux mmtk:Immix     heap=32,nursery=Fixed:4194304      1008 ms  74.3 MiB   (elapsed 7.4 min)
[419/440] chameneos_redux mmtk:Immix     heap=32,nursery=Fixed:33554432     1016 ms  74.2 MiB   (elapsed 7.4 min)
[420/440] chameneos_redux mmtk:Immix     heap=48                            1004 ms  90.9 MiB   (elapsed 7.4 min)
[421/440] chameneos_redux mmtk:Immix     heap=48,nursery=Fixed:4194304      1002 ms  90.9 MiB   (elapsed 7.4 min)
[422/440] chameneos_redux mmtk:Immix     heap=48,nursery=Fixed:33554432     991 ms  91.0 MiB   (elapsed 7.4 min)
[423/440] chameneos_redux mmtk:Immix     heap=64                            990 ms  103.4 MiB   (elapsed 7.5 min)
[424/440] chameneos_redux mmtk:Immix     heap=64,nursery=Fixed:4194304      981 ms  103.4 MiB   (elapsed 7.5 min)
[425/440] chameneos_redux mmtk:Immix     heap=64,nursery=Fixed:33554432     987 ms  103.4 MiB   (elapsed 7.5 min)
[426/440] chameneos_redux mmtk:Immix     heap=96                            985 ms  136.5 MiB   (elapsed 7.5 min)
[427/440] chameneos_redux mmtk:Immix     heap=96,nursery=Fixed:4194304      987 ms  136.6 MiB   (elapsed 7.5 min)
[428/440] chameneos_redux mmtk:Immix     heap=96,nursery=Fixed:33554432     989 ms  136.5 MiB   (elapsed 7.5 min)
[429/440] chameneos_redux mmtk:Immix     heap=128                           989 ms  165.6 MiB   (elapsed 7.5 min)
[430/440] chameneos_redux mmtk:Immix     heap=128,nursery=Fixed:4194304     987 ms  165.6 MiB   (elapsed 7.6 min)
[431/440] chameneos_redux mmtk:Immix     heap=128,nursery=Fixed:33554432    997 ms  165.6 MiB   (elapsed 7.6 min)
[432/440] chameneos_redux mmtk:Immix     heap=192                           992 ms  227.8 MiB   (elapsed 7.6 min)
[433/440] chameneos_redux mmtk:Immix     heap=192,nursery=Fixed:4194304     986 ms  228.0 MiB   (elapsed 7.6 min)
[434/440] chameneos_redux mmtk:Immix     heap=192,nursery=Fixed:33554432    981 ms  227.9 MiB   (elapsed 7.6 min)
[435/440] chameneos_redux mmtk:Immix     heap=256                           974 ms  285.9 MiB   (elapsed 7.6 min)
[436/440] chameneos_redux mmtk:Immix     heap=256,nursery=Fixed:4194304     991 ms  285.9 MiB   (elapsed 7.7 min)
[437/440] chameneos_redux mmtk:Immix     heap=256,nursery=Fixed:33554432    984 ms  285.9 MiB   (elapsed 7.7 min)
[438/440] chameneos_redux mmtk:Immix     default                            1007 ms  74.7 MiB   (elapsed 7.7 min)
[439/440] chameneos_redux mmtk:Immix     heap=dyn,nursery=Fixed:4194304     1002 ms  74.8 MiB   (elapsed 7.7 min)
[440/440] chameneos_redux mmtk:Immix     heap=dyn,nursery=Fixed:33554432    1009 ms  74.8 MiB   (elapsed 7.7 min)
wrote quick/graphs_spacetime_m4_nz/spacetime_binarytrees.png
wrote quick/graphs_spacetime_m4_nz/spacetime_kb.png
wrote quick/graphs_spacetime_m4_nz/spacetime_matrix_multiplication.png
wrote quick/graphs_spacetime_m4_nz/spacetime_LU_decomposition.png
wrote quick/graphs_spacetime_m4_nz/spacetime_chameneos_redux.png
wrote quick/graphs_spacetime_m4_nz/summary.png

# Space-time sweep summary

host `KCs-Mac-mini.local`; source `spacetime-m4-nz.ndjson`. For each MMTk variant: the point on its lower-left front whose RSS is closest to vanilla's `default` point, and its wall ratio vs that vanilla point (<1 = MMTk faster). `class` compares the two fronts as step functions over their overlapping RSS range (ties within 2%): dominates / dominated / crossing / tie.

| bench | variant | vanilla default (MiB, s) | nearest MMTk front point (MiB, s) | knobs | time ratio | MMTk default (MiB, s) | class | failed pts |
|---|---|---|---|---|---|---|---|---|
| binarytrees | mmtk:Bactrian | 91, 1.507 | 101, 1.740 | heap=64 | 1.15× | 178, 1.296 | dominated | 8 |
| binarytrees | mmtk:GenImmix | 91, 1.507 | 94, 1.641 | heap=64,nursery=Fixed:33554432 | 1.09× | 167, 1.215 | dominated | 6 |
| binarytrees | mmtk:Immix | 91, 1.507 | 90, 2.413 | heap=64,nursery=Fixed:4194304 | 1.60× | 153, 2.486 | dominated | 6 |
| kb | mmtk:Bactrian | 8, 0.398 | 22, 0.477 | heap=48,nursery=Fixed:4194304 | 1.20× | 27, 0.438 | dominated | 0 |
| kb | mmtk:GenImmix | 8, 0.398 | 23, 0.487 | heap=128,nursery=Fixed:4194304 | 1.22× | 31, 0.454 | dominated | 0 |
| kb | mmtk:Immix | 8, 0.398 | 44, 0.433 | heap=32 | 1.09× | 61, 0.425 | dominated | 0 |
| matrix_multiplication | mmtk:Bactrian | 19, 0.760 | 31, 0.581 | heap=256,nursery=Fixed:33554432 | 0.76× | 33, 0.598 | faster only at higher RSS | 0 |
| matrix_multiplication | mmtk:GenImmix | 19, 0.760 | 27, 0.580 | heap=96,nursery=Fixed:33554432 | 0.76× | 48, 0.642 | faster only at higher RSS | 0 |
| matrix_multiplication | mmtk:Immix | 19, 0.760 | 30, 0.578 | heap=128,nursery=Fixed:33554432 | 0.76× | 31, 0.596 | faster only at higher RSS | 0 |
| LU_decomposition | mmtk:Bactrian | 17, 0.817 | 26, 0.844 | heap=128,nursery=Fixed:4194304 | 1.03× | 31, 0.813 | dominated | 0 |
| LU_decomposition | mmtk:GenImmix | 17, 0.817 | 26, 0.843 | heap=64,nursery=Fixed:4194304 | 1.03× | 31, 0.813 | dominated | 0 |
| LU_decomposition | mmtk:Immix | 17, 0.817 | 47, 1.025 | heap=32 | 1.25× | 48, 1.030 | dominated | 0 |
| chameneos_redux | mmtk:Bactrian | 37, 1.328 | 54, 3.330 | heap=256,nursery=Fixed:4194304 | 2.51× | 64, 3.278 | dominated | 0 |
| chameneos_redux | mmtk:GenImmix | 37, 1.328 | 58, 2.993 | heap=48,nursery=Fixed:4194304 | 2.25× | 65, 2.775 | dominated | 0 |
| chameneos_redux | mmtk:Immix | 37, 1.328 | 74, 1.016 | heap=32,nursery=Fixed:33554432 | 0.77× | 75, 1.007 | faster only at higher RSS | 0 |

## Failed points

| bench | variant | knobs | status | exit | last stderr line |
|---|---|---|---|---|---|
| binarytrees | mmtk:Bactrian | heap=32 | err | -11 |  |
| binarytrees | mmtk:Bactrian | heap=32,nursery=Fixed:33554432 | err | -11 |  |
| binarytrees | mmtk:Bactrian | heap=32,nursery=Fixed:4194304 | err | -11 |  |
| binarytrees | mmtk:Bactrian | heap=48 | err | -11 |  |
| binarytrees | mmtk:Bactrian | heap=48,nursery=Fixed:33554432 | err | -11 |  |
| binarytrees | mmtk:Bactrian | heap=48,nursery=Fixed:4194304 | err | -11 |  |
| binarytrees | mmtk:Bactrian | heap=64,nursery=Fixed:33554432 | err | -11 |  |
| binarytrees | mmtk:Bactrian | heap=96,nursery=Fixed:33554432 | err | -11 |  |
| binarytrees | mmtk:GenImmix | heap=32 | err | -11 |  |
| binarytrees | mmtk:GenImmix | heap=32,nursery=Fixed:33554432 | err | -11 |  |
| binarytrees | mmtk:GenImmix | heap=32,nursery=Fixed:4194304 | err | -11 |  |
| binarytrees | mmtk:GenImmix | heap=48 | err | -11 |  |
| binarytrees | mmtk:GenImmix | heap=48,nursery=Fixed:33554432 | err | -11 |  |
| binarytrees | mmtk:GenImmix | heap=48,nursery=Fixed:4194304 | err | -11 |  |
| binarytrees | mmtk:Immix | heap=32 | err | 2 | Fatal error: exception Out_of_memory |
| binarytrees | mmtk:Immix | heap=32,nursery=Fixed:33554432 | err | 2 | Fatal error: exception Out_of_memory |
| binarytrees | mmtk:Immix | heap=32,nursery=Fixed:4194304 | err | 2 | Fatal error: exception Out_of_memory |
| binarytrees | mmtk:Immix | heap=48 | err | 2 | Fatal error: exception Out_of_memory |
| binarytrees | mmtk:Immix | heap=48,nursery=Fixed:33554432 | err | 2 | Fatal error: exception Out_of_memory |
| binarytrees | mmtk:Immix | heap=48,nursery=Fixed:4194304 | err | 2 | Fatal error: exception Out_of_memory |

